Archive member included because of file (symbol)

c:/program files (x86)/gnu tools arm embedded/4.8 2014q1/bin/../lib/gcc/arm-none-eabi/4.8.3/armv6-m\libgcc.a(_udivsi3.o)
                              ./src/main.o (__aeabi_uidiv)
c:/program files (x86)/gnu tools arm embedded/4.8 2014q1/bin/../lib/gcc/arm-none-eabi/4.8.3/armv6-m\libgcc.a(_dvmd_tls.o)
                              c:/program files (x86)/gnu tools arm embedded/4.8 2014q1/bin/../lib/gcc/arm-none-eabi/4.8.3/armv6-m\libgcc.a(_udivsi3.o) (__aeabi_idiv0)
c:/program files (x86)/gnu tools arm embedded/4.8 2014q1/bin/../lib/gcc/arm-none-eabi/4.8.3/armv6-m\libgcc.a(_fixunssfsi.o)
                              ./Libraries/W7500x_StdPeriph_Driver/src/w7500x_uart.o (__aeabi_f2uiz)
c:/program files (x86)/gnu tools arm embedded/4.8 2014q1/bin/../lib/gcc/arm-none-eabi/4.8.3/armv6-m\libgcc.a(_fixunsdfsi.o)
                              ./Libraries/W7500x_StdPeriph_Driver/src/w7500x_uart.o (__aeabi_d2uiz)
c:/program files (x86)/gnu tools arm embedded/4.8 2014q1/bin/../lib/gcc/arm-none-eabi/4.8.3/armv6-m\libgcc.a(divsf3.o)
                              ./Libraries/W7500x_StdPeriph_Driver/src/w7500x_uart.o (__aeabi_fdiv)
c:/program files (x86)/gnu tools arm embedded/4.8 2014q1/bin/../lib/gcc/arm-none-eabi/4.8.3/armv6-m\libgcc.a(mulsf3.o)
                              ./Libraries/W7500x_StdPeriph_Driver/src/w7500x_uart.o (__aeabi_fmul)
c:/program files (x86)/gnu tools arm embedded/4.8 2014q1/bin/../lib/gcc/arm-none-eabi/4.8.3/armv6-m\libgcc.a(subsf3.o)
                              ./Libraries/W7500x_StdPeriph_Driver/src/w7500x_uart.o (__aeabi_fsub)
c:/program files (x86)/gnu tools arm embedded/4.8 2014q1/bin/../lib/gcc/arm-none-eabi/4.8.3/armv6-m\libgcc.a(fixsfsi.o)
                              c:/program files (x86)/gnu tools arm embedded/4.8 2014q1/bin/../lib/gcc/arm-none-eabi/4.8.3/armv6-m\libgcc.a(_fixunssfsi.o) (__aeabi_f2iz)
c:/program files (x86)/gnu tools arm embedded/4.8 2014q1/bin/../lib/gcc/arm-none-eabi/4.8.3/armv6-m\libgcc.a(floatunsisf.o)
                              ./Libraries/W7500x_StdPeriph_Driver/src/w7500x_uart.o (__aeabi_ui2f)
c:/program files (x86)/gnu tools arm embedded/4.8 2014q1/bin/../lib/gcc/arm-none-eabi/4.8.3/armv6-m\libgcc.a(adddf3.o)
                              ./Libraries/W7500x_StdPeriph_Driver/src/w7500x_uart.o (__aeabi_dadd)
c:/program files (x86)/gnu tools arm embedded/4.8 2014q1/bin/../lib/gcc/arm-none-eabi/4.8.3/armv6-m\libgcc.a(subdf3.o)
                              c:/program files (x86)/gnu tools arm embedded/4.8 2014q1/bin/../lib/gcc/arm-none-eabi/4.8.3/armv6-m\libgcc.a(_fixunsdfsi.o) (__aeabi_dsub)
c:/program files (x86)/gnu tools arm embedded/4.8 2014q1/bin/../lib/gcc/arm-none-eabi/4.8.3/armv6-m\libgcc.a(fixdfsi.o)
                              c:/program files (x86)/gnu tools arm embedded/4.8 2014q1/bin/../lib/gcc/arm-none-eabi/4.8.3/armv6-m\libgcc.a(_fixunsdfsi.o) (__aeabi_d2iz)
c:/program files (x86)/gnu tools arm embedded/4.8 2014q1/bin/../lib/gcc/arm-none-eabi/4.8.3/armv6-m\libgcc.a(extendsfdf2.o)
                              ./Libraries/W7500x_StdPeriph_Driver/src/w7500x_uart.o (__aeabi_f2d)
c:/program files (x86)/gnu tools arm embedded/4.8 2014q1/bin/../lib/gcc/arm-none-eabi/4.8.3/armv6-m\libgcc.a(_arm_cmpdf2.o)
                              c:/program files (x86)/gnu tools arm embedded/4.8 2014q1/bin/../lib/gcc/arm-none-eabi/4.8.3/armv6-m\libgcc.a(_fixunsdfsi.o) (__aeabi_dcmpge)
c:/program files (x86)/gnu tools arm embedded/4.8 2014q1/bin/../lib/gcc/arm-none-eabi/4.8.3/armv6-m\libgcc.a(_arm_cmpsf2.o)
                              c:/program files (x86)/gnu tools arm embedded/4.8 2014q1/bin/../lib/gcc/arm-none-eabi/4.8.3/armv6-m\libgcc.a(_fixunssfsi.o) (__aeabi_fcmpge)
c:/program files (x86)/gnu tools arm embedded/4.8 2014q1/bin/../lib/gcc/arm-none-eabi/4.8.3/armv6-m\libgcc.a(_clzsi2.o)
                              c:/program files (x86)/gnu tools arm embedded/4.8 2014q1/bin/../lib/gcc/arm-none-eabi/4.8.3/armv6-m\libgcc.a(divsf3.o) (__clzsi2)
c:/program files (x86)/gnu tools arm embedded/4.8 2014q1/bin/../lib/gcc/arm-none-eabi/4.8.3/armv6-m\libgcc.a(eqsf2.o)
                              c:/program files (x86)/gnu tools arm embedded/4.8 2014q1/bin/../lib/gcc/arm-none-eabi/4.8.3/armv6-m\libgcc.a(_arm_cmpsf2.o) (__eqsf2)
c:/program files (x86)/gnu tools arm embedded/4.8 2014q1/bin/../lib/gcc/arm-none-eabi/4.8.3/armv6-m\libgcc.a(gesf2.o)
                              c:/program files (x86)/gnu tools arm embedded/4.8 2014q1/bin/../lib/gcc/arm-none-eabi/4.8.3/armv6-m\libgcc.a(_arm_cmpsf2.o) (__gesf2)
c:/program files (x86)/gnu tools arm embedded/4.8 2014q1/bin/../lib/gcc/arm-none-eabi/4.8.3/armv6-m\libgcc.a(lesf2.o)
                              c:/program files (x86)/gnu tools arm embedded/4.8 2014q1/bin/../lib/gcc/arm-none-eabi/4.8.3/armv6-m\libgcc.a(_arm_cmpsf2.o) (__lesf2)
c:/program files (x86)/gnu tools arm embedded/4.8 2014q1/bin/../lib/gcc/arm-none-eabi/4.8.3/armv6-m\libgcc.a(eqdf2.o)
[...]
Memory Configuration

Name             Origin             Length             Attributes
FLASH            0x00000000         0x00020000         xr
RAM              0x20000000         0x00004000         xrw
CCMRAM           0x10000000         0x00000000         xrw
FLASHB1          0x00000000         0x00000000         xr
EXTMEMB0         0x00000000         0x00000000         xr
EXTMEMB1         0x00000000         0x00000000         xr
EXTMEMB2         0x00000000         0x00000000         xr
EXTMEMB3         0x00000000         0x00000000         xr
*default*        0x00000000         0xffffffff

Linker script and memory map

LOAD ./src/main.o
LOAD ./src/retarget.o
LOAD ./src/w7500x_it.o
LOAD ./Libraries/startup/_exit.o
LOAD ./Libraries/startup/_initialize_hardware.o
LOAD ./Libraries/startup/_reset_hardware.o
LOAD ./Libraries/startup/_sbrk.o
LOAD ./Libraries/startup/_startup.o
LOAD ./Libraries/startup/_syscalls.o
LOAD ./Libraries/startup/exception_handlers.o
LOAD ./Libraries/startup/vectors_W7500x.o
LOAD ./Libraries/ioLibrary/Internet/DNS/dns.o
LOAD ./Libraries/ioLibrary/Internet/DHCP/dhcp.o
LOAD ./Libraries/ioLibrary/Ethernet/socket.o
LOAD ./Libraries/ioLibrary/Ethernet/wizchip_conf.o
LOAD ./Libraries/ioLibrary/Application/loopback/loopback.o
LOAD ./Libraries/W7500x_StdPeriph_Driver/src/w7500x_adc.o
LOAD ./Libraries/W7500x_StdPeriph_Driver/src/w7500x_crg.o
LOAD ./Libraries/W7500x_StdPeriph_Driver/src/w7500x_dualtimer.o
LOAD ./Libraries/W7500x_StdPeriph_Driver/src/w7500x_exti.o
LOAD ./Libraries/W7500x_StdPeriph_Driver/src/w7500x_flash.o
LOAD ./Libraries/W7500x_StdPeriph_Driver/src/w7500x_gpio.o
LOAD ./Libraries/W7500x_StdPeriph_Driver/src/w7500x_miim.o
LOAD ./Libraries/W7500x_StdPeriph_Driver/src/w7500x_misc.o
LOAD ./Libraries/W7500x_StdPeriph_Driver/src/w7500x_pwm.o
LOAD ./Libraries/W7500x_StdPeriph_Driver/src/w7500x_rng.o
LOAD ./Libraries/W7500x_StdPeriph_Driver/src/w7500x_rtc.o
LOAD ./Libraries/W7500x_StdPeriph_Driver/src/w7500x_ssp.o
LOAD ./Libraries/W7500x_StdPeriph_Driver/src/w7500x_uart.o
LOAD ./Libraries/W7500x_StdPeriph_Driver/src/w7500x_wdt.o
LOAD ./Libraries/W7500x_StdPeriph_Driver/src/w7500x_wztoe.o
LOAD ./Libraries/CMSIS/Device/WIZnet/W7500/Source/system_w7500x.o
START GROUP
LOAD c:/program files (x86)/gnu tools arm embedded/4.8 2014q1/bin/../lib/gcc/arm-none-eabi/4.8.3/armv6-m\libgcc.a
LOAD c:/program files (x86)/gnu tools arm embedded/4.8 2014q1/bin/../lib/gcc/arm-none-eabi/4.8.3/../../../../arm-none-eabi/lib/armv6-m\libg_s.a
LOAD c:/program files (x86)/gnu tools arm embedded/4.8 2014q1/bin/../lib/gcc/arm-none-eabi/4.8.3/../../../../arm-none-eabi/lib/armv6-m\libc_s.a
END GROUP
START GROUP
LOAD c:/program files (x86)/gnu tools arm embedded/4.8 2014q1/bin/../lib/gcc/arm-none-eabi/4.8.3/armv6-m\libgcc.a
LOAD c:/program files (x86)/gnu tools arm embedded/4.8 2014q1/bin/../lib/gcc/arm-none-eabi/4.8.3/../../../../arm-none-eabi/lib/armv6-m\libc_s.a
END GROUP
                0x20004000                __stack = (ORIGIN (RAM) + 0x4000)
                0x20004000                _estack = __stack
                0x00000900                __Main_Stack_Size = 0x900
                0x00000900                PROVIDE (_Main_Stack_Size, __Main_Stack_Size)
                0x20003700                __Main_Stack_Limit = (__stack - __Main_Stack_Size)
                0x20003700                PROVIDE (_Main_Stack_Limit, __Main_Stack_Limit)
                0x00000100                _Minimum_Stack_Size = 0x100
                0x200008c4                PROVIDE (_Heap_Begin, _end_noinit)
                0x20003700                PROVIDE (_Heap_Limit, (__stack - __Main_Stack_Size))

.isr_vector     0x00000000      0x17c
                0x00000000                . = ALIGN (0x4)
 *(.isr_vector)
 .isr_vector    0x00000000       0xa8 ./Libraries/startup/vectors_W7500x.o
                0x00000000                __isr_vectors
 *(.cfmconfig)
 *(.after_vectors .after_vectors.*)
 .after_vectors
                0x000000a8       0xbc ./Libraries/startup/_startup.o
                0x000000a8                _start
 .after_vectors
                0x00000164       0x18 ./Libraries/startup/exception_handlers.o
                0x00000164                Reset_Handler
                0x0000017c                . = ALIGN (0x4)

.inits          0x0000017c        0x0
                0x0000017c                . = ALIGN (0x4)
 *(.init)
 *(.fini)
                0x0000017c                . = ALIGN (0x4)
                0x0000017c                PROVIDE (__preinit_array_start, .)
 *(.preinit_array_sysinit .preinit_array_sysinit.*)
 *(.preinit_array_platform .preinit_array_platform.*)
 *(.preinit_array .preinit_array.*)
                0x0000017c                PROVIDE (__preinit_array_end, .)
                0x0000017c                . = ALIGN (0x4)
                0x0000017c                PROVIDE (__init_array_start, .)
 *(SORT(.init_array.*))
 *(.init_array)
                0x0000017c                PROVIDE (__init_array_end, .)
                0x0000017c                . = ALIGN (0x4)
                0x0000017c                PROVIDE (__fini_array_start, .)
 *(SORT(.fini_array.*))
 *(.fini_array)
                0x0000017c                PROVIDE (__fini_array_end, .)
                0x0000017c                . = ALIGN (0x4)

.flashtext      0x0000017c        0x0
                0x0000017c                . = ALIGN (0x4)
 *(.flashtext .flashtext.*)
                0x0000017c                . = ALIGN (0x4)

.text           0x00000180     0x4240
                0x00000180                . = ALIGN (0x4)
 *(.text .text.*)
 .text.UART_Config
                0x00000180       0x24 ./src/main.o
 .text.Network_Config
                0x000001a4       0xf8 ./src/main.o
 .text.main     0x0000029c      0x100 ./src/main.o
                0x0000029c                main
 .text.TimingDelay_Decrement
                0x0000039c       0x18 ./src/main.o
                0x0000039c                TimingDelay_Decrement
 .text.UartPutc
                0x000003b4       0x18 ./src/retarget.o
                0x000003b4                UartPutc
 .text._write   0x000003cc       0x24 ./src/retarget.o
                0x000003cc                _write
 .text.NMI_Handler
                0x000003f0        0x4 ./src/w7500x_it.o
                0x000003f0                NMI_Handler
 .text.HardFault_Handler
                0x000003f4        0x4 ./src/w7500x_it.o
                0x000003f4                HardFault_Handler
 .text.SVC_Handler
                0x000003f8        0x4 ./src/w7500x_it.o
                0x000003f8                SVC_Handler
 .text.PendSV_Handler
                0x000003fc        0x4 ./src/w7500x_it.o
                0x000003fc                PendSV_Handler
 .text.SysTick_Handler
                0x00000400        0x8 ./src/w7500x_it.o
                0x00000400                SysTick_Handler
 .text.SSP0_Handler
                0x00000408        0x4 ./src/w7500x_it.o
                0x00000408                SSP0_Handler
 .text.SSP1_Handler
                0x0000040c        0x4 ./src/w7500x_it.o
                0x0000040c                SSP1_Handler
 .text.UART0_Handler
                0x00000410        0x4 ./src/w7500x_it.o
                0x00000410                UART0_Handler
 .text.UART1_Handler
                0x00000414        0x4 ./src/w7500x_it.o
                0x00000414                UART1_Handler
 .text.UART2_Handler
                0x00000418        0x4 ./src/w7500x_it.o
                0x00000418                UART2_Handler
 .text.PORT0_Handler
                0x0000041c        0x4 ./src/w7500x_it.o
                0x0000041c                PORT0_Handler
 .text.PORT1_Handler
                0x00000420        0x4 ./src/w7500x_it.o
                0x00000420                PORT1_Handler
 .text.PORT2_Handler
                0x00000424        0x4 ./src/w7500x_it.o
                0x00000424                PORT2_Handler
 .text.PORT3_Handler
                0x00000428        0x4 ./src/w7500x_it.o
                0x00000428                PORT3_Handler
 .text.DMA_Handler
                0x0000042c        0x4 ./src/w7500x_it.o
                0x0000042c                DMA_Handler
 .text.DUALTIMER0_Handler
                0x00000430        0x4 ./src/w7500x_it.o
                0x00000430                DUALTIMER0_Handler
 .text.DUALTIMER1_Handler
                0x00000434        0x4 ./src/w7500x_it.o
                0x00000434                DUALTIMER1_Handler
 .text.PWM0_Handler
                0x00000438        0x4 ./src/w7500x_it.o
                0x00000438                PWM0_Handler
 .text.PWM1_Handler
                0x0000043c        0x4 ./src/w7500x_it.o
                0x0000043c                PWM1_Handler
 .text.PWM2_Handler
                0x00000440        0x4 ./src/w7500x_it.o
                0x00000440                PWM2_Handler
 .text.PWM3_Handler
                0x00000444        0x4 ./src/w7500x_it.o
                0x00000444                PWM3_Handler
 .text.PWM4_Handler
                0x00000448        0x4 ./src/w7500x_it.o
                0x00000448                PWM4_Handler
 .text.PWM5_Handler
                0x0000044c        0x4 ./src/w7500x_it.o
                0x0000044c                PWM5_Handler
 .text.PWM6_Handler
                0x00000450        0x4 ./src/w7500x_it.o
                0x00000450                PWM6_Handler
 .text.PWM7_Handler
                0x00000454        0x4 ./src/w7500x_it.o
                0x00000454                PWM7_Handler
 .text.RTC_Handler
                0x00000458        0x4 ./src/w7500x_it.o
                0x00000458                RTC_Handler
 .text.ADC_Handler
                0x0000045c        0x4 ./src/w7500x_it.o
                0x0000045c                ADC_Handler
 .text.WZTOE_Handler
                0x00000460        0x4 ./src/w7500x_it.o
                0x00000460                WZTOE_Handler
 .text.EXTI_Handler
                0x00000464        0x4 ./src/w7500x_it.o
                0x00000464                EXTI_Handler
 .text._exit    0x00000468        0x8 ./Libraries/startup/_exit.o
                0x00000468                _exit
 .text.__initialize_hardware
                0x00000470        0x8 ./Libraries/startup/_initialize_hardware.o
                0x00000470                __initialize_hardware
 .text.__reset_hardware
                0x00000478       0x18 ./Libraries/startup/_reset_hardware.o
                0x00000478                __reset_hardware
 .text._sbrk    0x00000490       0x44 ./Libraries/startup/_sbrk.o
                0x00000490                _sbrk
 .text.__initialize_args
                0x000004d4       0x10 ./Libraries/startup/_syscalls.o
                0x000004d4                __initialize_args
 .text._close   0x000004e4       0x10 ./Libraries/startup/_syscalls.o
                0x000004e4                _close
 .text._fstat   0x000004f4       0x10 ./Libraries/startup/_syscalls.o
                0x000004f4                _fstat
 .text._isatty  0x00000504       0x10 ./Libraries/startup/_syscalls.o
                0x00000504                _isatty
 .text._lseek   0x00000514       0x10 ./Libraries/startup/_syscalls.o
                0x00000514                _lseek
 .text._read    0x00000524       0x10 ./Libraries/startup/_syscalls.o
                0x00000524                _read
 .text.close    0x00000534       0x74 ./Libraries/ioLibrary/Ethernet/socket.o
                0x00000534                close
 .text.socket   0x000005a8      0x11c ./Libraries/ioLibrary/Ethernet/socket.o
                0x000005a8                socket
 .text.listen   0x000006c4       0x74 ./Libraries/ioLibrary/Ethernet/socket.o
                0x000006c4                listen
 .text.disconnect
                0x00000738       0x9c ./Libraries/ioLibrary/Ethernet/socket.o
                0x00000738                disconnect
 .text.send     0x000007d4      0x16c ./Libraries/ioLibrary/Ethernet/socket.o
                0x000007d4                send
 .text.recv     0x00000940      0x11c ./Libraries/ioLibrary/Ethernet/socket.o
                0x00000940                recv
 .text.wizchip_setnetinfo
                0x00000a5c      0x100 ./Libraries/ioLibrary/Ethernet/wizchip_conf.o
                0x00000a5c                wizchip_setnetinfo
 .text.wizchip_getnetinfo
                0x00000b5c      0x100 ./Libraries/ioLibrary/Ethernet/wizchip_conf.o
                0x00000b5c                wizchip_getnetinfo
 .text.wizchip_setnetmode
                0x00000c5c       0x2c ./Libraries/ioLibrary/Ethernet/wizchip_conf.o
                0x00000c5c                wizchip_setnetmode
 .text.wizchip_getnetmode
                0x00000c88       0x10 ./Libraries/ioLibrary/Ethernet/wizchip_conf.o
                0x00000c88                wizchip_getnetmode
 .text.wizchip_settimeout
                0x00000c98       0x1c ./Libraries/ioLibrary/Ethernet/wizchip_conf.o
                0x00000c98                wizchip_settimeout
 .text.wizchip_gettimeout
                0x00000cb4       0x1c ./Libraries/ioLibrary/Ethernet/wizchip_conf.o
                0x00000cb4                wizchip_gettimeout
 .text.ctlnetwork
                0x00000cd0       0x54 ./Libraries/ioLibrary/Ethernet/wizchip_conf.o
                0x00000cd0                ctlnetwork
 .text.loopback_tcps
                0x00000d24      0x158 ./Libraries/ioLibrary/Application/loopback/loopback.o
                0x00000d24                loopback_tcps
 .text.CRG_PLL_Bypass
                0x00000e7c       0x1c ./Libraries/W7500x_StdPeriph_Driver/src/w7500x_crg.o
                0x00000e7c                CRG_PLL_Bypass
 .text.CRG_PLL_SourceSelect
                0x00000e98       0x1c ./Libraries/W7500x_StdPeriph_Driver/src/w7500x_crg.o
                0x00000e98                CRG_PLL_SourceSelect
 .text.GPIO_ReadInputDataBit
                0x00000eb4        0xc ./Libraries/W7500x_StdPeriph_Driver/src/w7500x_gpio.o
                0x00000eb4                GPIO_ReadInputDataBit
 .text.GPIO_SetBits
                0x00000ec0       0x18 ./Libraries/W7500x_StdPeriph_Driver/src/w7500x_gpio.o
                0x00000ec0                GPIO_SetBits
 .text.GPIO_ResetBits
                0x00000ed8       0x1c ./Libraries/W7500x_StdPeriph_Driver/src/w7500x_gpio.o
                0x00000ed8                GPIO_ResetBits
 .text.GPIO_PinAFConfig
                0x00000ef4       0x48 ./Libraries/W7500x_StdPeriph_Driver/src/w7500x_gpio.o
                0x00000ef4                GPIO_PinAFConfig
 .text.GPIO_PinPadConfig
                0x00000f3c       0x48 ./Libraries/W7500x_StdPeriph_Driver/src/w7500x_gpio.o
                0x00000f3c                GPIO_PinPadConfig
 .text.GPIO_Read_PinPad
                0x00000f84       0x50 ./Libraries/W7500x_StdPeriph_Driver/src/w7500x_gpio.o
                0x00000f84                GPIO_Read_PinPad
 .text.GPIO_Init
                0x00000fd4       0xec ./Libraries/W7500x_StdPeriph_Driver/src/w7500x_gpio.o
                0x00000fd4                GPIO_Init
 .text.miim_delay
                0x000010c0       0x18 ./Libraries/W7500x_StdPeriph_Driver/src/w7500x_miim.o
 .text.MDIO_Out
                0x000010d8       0x7c ./Libraries/W7500x_StdPeriph_Driver/src/w7500x_miim.o
 .text.MDIO_Turnaround
                0x00001154       0x40 ./Libraries/W7500x_StdPeriph_Driver/src/w7500x_miim.o
 .text.MDIO_Idle
                0x00001194       0x38 ./Libraries/W7500x_StdPeriph_Driver/src/w7500x_miim.o
 .text.MDIO_In  0x000011cc       0x58 ./Libraries/W7500x_StdPeriph_Driver/src/w7500x_miim.o
 .text.MDIO_GetData
                0x00001224       0x3c ./Libraries/W7500x_StdPeriph_Driver/src/w7500x_miim.o
 .text.PHY_GetId
                0x00001260       0x34 ./Libraries/W7500x_StdPeriph_Driver/src/w7500x_miim.o
 .text.PHY_Init
                0x00001294       0x60 ./Libraries/W7500x_StdPeriph_Driver/src/w7500x_miim.o
                0x00001294                PHY_Init
 .text.PHY_GetLinkStatus
                0x000012f4       0x18 ./Libraries/W7500x_StdPeriph_Driver/src/w7500x_miim.o
                0x000012f4                PHY_GetLinkStatus
 *fill*         0x0000130c        0x4 
 .text.UART_Init
                0x00001310       0x98 ./Libraries/W7500x_StdPeriph_Driver/src/w7500x_uart.o
                0x00001310                UART_Init
 .text.UART_StructInit
                0x000013a8       0x1c ./Libraries/W7500x_StdPeriph_Driver/src/w7500x_uart.o
                0x000013a8                UART_StructInit
 .text.UART_Cmd
                0x000013c4       0x18 ./Libraries/W7500x_StdPeriph_Driver/src/w7500x_uart.o
                0x000013c4                UART_Cmd
 .text.UART_GetFlagStatus
                0x000013dc        0xc ./Libraries/W7500x_StdPeriph_Driver/src/w7500x_uart.o
                0x000013dc                UART_GetFlagStatus
 .text.UART_SendData
                0x000013e8       0x18 ./Libraries/W7500x_StdPeriph_Driver/src/w7500x_uart.o
                0x000013e8                UART_SendData
 .text.WIZCHIP_READ
                0x00001400        0x8 ./Libraries/W7500x_StdPeriph_Driver/src/w7500x_wztoe.o
                0x00001400                WIZCHIP_READ
 .text.WIZCHIP_WRITE
                0x00001408        0x4 ./Libraries/W7500x_StdPeriph_Driver/src/w7500x_wztoe.o
                0x00001408                WIZCHIP_WRITE
 .text.WIZCHIP_READ_BUF
                0x0000140c       0x1c ./Libraries/W7500x_StdPeriph_Driver/src/w7500x_wztoe.o
                0x0000140c                WIZCHIP_READ_BUF
 .text.WIZCHIP_WRITE_BUF
                0x00001428       0x1c ./Libraries/W7500x_StdPeriph_Driver/src/w7500x_wztoe.o
                0x00001428                WIZCHIP_WRITE_BUF
 .text.wiz_send_data
                0x00001444       0x38 ./Libraries/W7500x_StdPeriph_Driver/src/w7500x_wztoe.o
                0x00001444                wiz_send_data
 .text.wiz_recv_data
                0x0000147c       0x38 ./Libraries/W7500x_StdPeriph_Driver/src/w7500x_wztoe.o
                0x0000147c                wiz_recv_data
 .text.GetSystemClock
                0x000014b4        0xc ./Libraries/CMSIS/Device/WIZnet/W7500/Source/system_w7500x.o
                0x000014b4                GetSystemClock
 .text.GetSourceClock
                0x000014c0        0xc ./Libraries/CMSIS/Device/WIZnet/W7500/Source/system_w7500x.o
                0x000014c0                GetSourceClock
 .text.SystemCoreClockUpdate
                0x000014cc       0x18 ./Libraries/CMSIS/Device/WIZnet/W7500/Source/system_w7500x.o
                0x000014cc                SystemCoreClockUpdate
 .text.SetSysClock
                0x000014e4       0x24 ./Libraries/CMSIS/Device/WIZnet/W7500/Source/system_w7500x.o
 .text.SystemInit
                0x00001508       0x28 ./Libraries/CMSIS/Device/WIZnet/W7500/Source/system_w7500x.o
                0x00001508                SystemInit
 .text          0x00001530       0x9c c:/program files (x86)/gnu tools arm embedded/4.8 2014q1/bin/../lib/gcc/arm-none-eabi/4.8.3/armv6-m\libgcc.a(_udivsi3.o)
                0x00001530                __aeabi_uidiv
                0x00001530                __udivsi3
                0x000015b8                __aeabi_uidivmod
 .text          0x000015cc        0x4 c:/program files (x86)/gnu tools arm embedded/4.8 2014q1/bin/../lib/gcc/arm-none-eabi/4.8.3/armv6-m\libgcc.a(_dvmd_tls.o)
                0x000015cc                __aeabi_idiv0
                0x000015cc                __aeabi_ldiv0
 .text          0x000015d0       0x30 c:/program files (x86)/gnu tools arm embedded/4.8 2014q1/bin/../lib/gcc/arm-none-eabi/4.8.3/armv6-m\libgcc.a(_fixunssfsi.o)
                0x000015d0                __fixunssfsi
                0x000015d0                __aeabi_f2uiz
 .text          0x00001600       0x40 c:/program files (x86)/gnu tools arm embedded/4.8 2014q1/bin/../lib/gcc/arm-none-eabi/4.8.3/armv6-m\libgcc.a(_fixunsdfsi.o)
                0x00001600                __aeabi_d2uiz
                0x00001600                __fixunsdfsi
 .text          0x00001640      0x24c c:/program files (x86)/gnu tools arm embedded/4.8 2014q1/bin/../lib/gcc/arm-none-eabi/4.8.3/armv6-m\libgcc.a(divsf3.o)
                0x00001640                __aeabi_fdiv
 .text          0x0000188c      0x254 c:/program files (x86)/gnu tools arm embedded/4.8 2014q1/bin/../lib/gcc/arm-none-eabi/4.8.3/armv6-m\libgcc.a(mulsf3.o)
                0x0000188c                __aeabi_fmul
 .text          0x00001ae0      0x2e0 c:/program files (x86)/gnu tools arm embedded/4.8 2014q1/bin/../lib/gcc/arm-none-eabi/4.8.3/armv6-m\libgcc.a(subsf3.o)
                0x00001ae0                __aeabi_fsub
 .text          0x00001dc0       0x40 c:/program files (x86)/gnu tools arm embedded/4.8 2014q1/bin/../lib/gcc/arm-none-eabi/4.8.3/armv6-m\libgcc.a(fixsfsi.o)
                0x00001dc0                __aeabi_f2iz
 .text          0x00001e00       0xa0 c:/program files (x86)/gnu tools arm embedded/4.8 2014q1/bin/../lib/gcc/arm-none-eabi/4.8.3/armv6-m\libgcc.a(floatunsisf.o)
                0x00001e00                __aeabi_ui2f
 .text          0x00001ea0      0x638 c:/program files (x86)/gnu tools arm embedded/4.8 2014q1/bin/../lib/gcc/arm-none-eabi/4.8.3/armv6-m\libgcc.a(adddf3.o)
                0x00001ea0                __aeabi_dadd
 .text          0x000024d8      0x654 c:/program files (x86)/gnu tools arm embedded/4.8 2014q1/bin/../lib/gcc/arm-none-eabi/4.8.3/armv6-m\libgcc.a(subdf3.o)
                0x000024d8                __aeabi_dsub
 .text          0x00002b2c       0x68 c:/program files (x86)/gnu tools arm embedded/4.8 2014q1/bin/../lib/gcc/arm-none-eabi/4.8.3/armv6-m\libgcc.a(fixdfsi.o)
                0x00002b2c                __aeabi_d2iz
 .text          0x00002b94       0xa4 c:/program files (x86)/gnu tools arm embedded/4.8 2014q1/bin/../lib/gcc/arm-none-eabi/4.8.3/armv6-m\libgcc.a(extendsfdf2.o)
                0x00002b94                __aeabi_f2d
 .text          0x00002c38       0x7c c:/program files (x86)/gnu tools arm embedded/4.8 2014q1/bin/../lib/gcc/arm-none-eabi/4.8.3/armv6-m\libgcc.a(_arm_cmpdf2.o)
                0x00002c38                __aeabi_cdrcmple
                0x00002c48                __aeabi_cdcmple
                0x00002c48                __aeabi_cdcmpeq
                0x00002c58                __aeabi_dcmpeq
                0x00002c64                __aeabi_dcmplt
                0x00002c78                __aeabi_dcmple
                0x00002c8c                __aeabi_dcmpgt
                0x00002ca0                __aeabi_dcmpge
 .text          0x00002cb4       0x74 c:/program files (x86)/gnu tools arm embedded/4.8 2014q1/bin/../lib/gcc/arm-none-eabi/4.8.3/armv6-m\libgcc.a(_arm_cmpsf2.o)
                0x00002cb4                __aeabi_cfrcmple
                0x00002cbc                __aeabi_cfcmpeq
                0x00002cbc                __aeabi_cfcmple
                0x00002ccc                __aeabi_fcmpeq
                0x00002cd8                __aeabi_fcmplt
                0x00002cec                __aeabi_fcmple
                0x00002d00                __aeabi_fcmpgt
                0x00002d14                __aeabi_fcmpge
 .text          0x00002d28       0x3c c:/program files (x86)/gnu tools arm embedded/4.8 2014q1/bin/../lib/gcc/arm-none-eabi/4.8.3/armv6-m\libgcc.a(_clzsi2.o)
                0x00002d28                __clzsi2
 .text          0x00002d64       0x54 c:/program files (x86)/gnu tools arm embedded/4.8 2014q1/bin/../lib/gcc/arm-none-eabi/4.8.3/armv6-m\libgcc.a(eqsf2.o)
                0x00002d64                __eqsf2
                0x00002d64                __nesf2
 .text          0x00002db8       0x90 c:/program files (x86)/gnu tools arm embedded/4.8 2014q1/bin/../lib/gcc/arm-none-eabi/4.8.3/armv6-m\libgcc.a(gesf2.o)
                0x00002db8                __gesf2
                0x00002db8                __gtsf2
 .text          0x00002e48       0x98 c:/program files (x86)/gnu tools arm embedded/4.8 2014q1/bin/../lib/gcc/arm-none-eabi/4.8.3/armv6-m\libgcc.a(lesf2.o)
                0x00002e48                __ltsf2
                0x00002e48                __lesf2
 .text          0x00002ee0       0x94 c:/program files (x86)/gnu tools arm embedded/4.8 2014q1/bin/../lib/gcc/arm-none-eabi/4.8.3/armv6-m\libgcc.a(eqdf2.o)
                0x00002ee0                __nedf2
                0x00002ee0                __eqdf2
 .text          0x00002f74       0xfc c:/program files (x86)/gnu tools arm embedded/4.8 2014q1/bin/../lib/gcc/arm-none-eabi/4.8.3/armv6-m\libgcc.a(gedf2.o)
                0x00002f74                __gedf2
                0x00002f74                __gtdf2
 .text          0x00003070       0xfc c:/program files (x86)/gnu tools arm embedded/4.8 2014q1/bin/../lib/gcc/arm-none-eabi/4.8.3/armv6-m\libgcc.a(ledf2.o)
                0x00003070                __ledf2
                0x00003070                __ltdf2
 .text.__errno  0x0000316c        0xc c:/program files (x86)/gnu tools arm embedded/4.8 2014q1/bin/../lib/gcc/arm-none-eabi/4.8.3/../../../../arm-none-eabi/lib/armv6-m\libg_s.a(lib_a-errno.o)
                0x0000316c                __errno
 .text.memcpy   0x00003178       0x12 c:/program files (x86)/gnu tools arm embedded/4.8 2014q1/bin/../lib/gcc/arm-none-eabi/4.8.3/../../../../arm-none-eabi/lib/armv6-m\libg_s.a(lib_a-memcpy-stub.o)
                0x00003178                memcpy
 .text.memset   0x0000318a       0x10 c:/program files (x86)/gnu tools arm embedded/4.8 2014q1/bin/../lib/gcc/arm-none-eabi/4.8.3/../../../../arm-none-eabi/lib/armv6-m\libg_s.a(lib_a-memset.o)
                0x0000318a                memset
 *fill*         0x0000319a        0x2 
 .text.printf   0x0000319c       0x34 c:/program files (x86)/gnu tools arm embedded/4.8 2014q1/bin/../lib/gcc/arm-none-eabi/4.8.3/../../../../arm-none-eabi/lib/armv6-m\libg_s.a(lib_a-printf.o)
                0x0000319c                iprintf
                0x0000319c                printf
 .text._puts_r  0x000031d0       0xc2 c:/program files (x86)/gnu tools arm embedded/4.8 2014q1/bin/../lib/gcc/arm-none-eabi/4.8.3/../../../../arm-none-eabi/lib/armv6-m\libg_s.a(lib_a-puts.o)
                0x000031d0                _puts_r
 *fill*         0x00003292        0x2 
 .text.puts     0x00003294       0x14 c:/program files (x86)/gnu tools arm embedded/4.8 2014q1/bin/../lib/gcc/arm-none-eabi/4.8.3/../../../../arm-none-eabi/lib/armv6-m\libg_s.a(lib_a-puts.o)
                0x00003294                puts
 .text.strlen   0x000032a8        0xe c:/program files (x86)/gnu tools arm embedded/4.8 2014q1/bin/../lib/gcc/arm-none-eabi/4.8.3/../../../../arm-none-eabi/lib/armv6-m\libg_s.a(lib_a-strlen.o)
                0x000032a8                strlen
 .text.__sfputc_r
                0x000032b6       0x2a c:/program files (x86)/gnu tools arm embedded/4.8 2014q1/bin/../lib/gcc/arm-none-eabi/4.8.3/../../../../arm-none-eabi/lib/armv6-m\libg_s.a(lib_a-vfprintf.o)
 .text.__sfputs_r
                0x000032e0       0x24 c:/program files (x86)/gnu tools arm embedded/4.8 2014q1/bin/../lib/gcc/arm-none-eabi/4.8.3/../../../../arm-none-eabi/lib/armv6-m\libg_s.a(lib_a-vfprintf.o)
                0x000032e0                __sfputs_r
 .text._vfprintf_r
                0x00003304      0x210 c:/program files (x86)/gnu tools arm embedded/4.8 2014q1/bin/../lib/gcc/arm-none-eabi/4.8.3/../../../../arm-none-eabi/lib/armv6-m\libg_s.a(lib_a-vfprintf.o)
                0x00003304                _vfprintf_r
                0x00003304                _vfiprintf_r
 .text._printf_common
                0x00003514       0xe8 c:/program files (x86)/gnu tools arm embedded/4.8 2014q1/bin/../lib/gcc/arm-none-eabi/4.8.3/../../../../arm-none-eabi/lib/armv6-m\libg_s.a(lib_a-vfprintf_i.o)
                0x00003514                _printf_common
 .text._printf_i
                0x000035fc      0x22c c:/program files (x86)/gnu tools arm embedded/4.8 2014q1/bin/../lib/gcc/arm-none-eabi/4.8.3/../../../../arm-none-eabi/lib/armv6-m\libg_s.a(lib_a-vfprintf_i.o)
                0x000035fc                _printf_i
 .text.__swbuf_r
                0x00003828       0xb0 c:/program files (x86)/gnu tools arm embedded/4.8 2014q1/bin/../lib/gcc/arm-none-eabi/4.8.3/../../../../arm-none-eabi/lib/armv6-m\libg_s.a(lib_a-wbuf.o)
                0x00003828                __swbuf_r
 .text.__swsetup_r
                0x000038d8       0xe4 c:/program files (x86)/gnu tools arm embedded/4.8 2014q1/bin/../lib/gcc/arm-none-eabi/4.8.3/../../../../arm-none-eabi/lib/armv6-m\libg_s.a(lib_a-wsetup.o)
                0x000038d8                __swsetup_r
 .text.__sflush_r
                0x000039bc      0x112 c:/program files (x86)/gnu tools arm embedded/4.8 2014q1/bin/../lib/gcc/arm-none-eabi/4.8.3/../../../../arm-none-eabi/lib/armv6-m\libg_s.a(lib_a-fflush.o)
                0x000039bc                __sflush_r
 *fill*         0x00003ace        0x2 
 .text._fflush_r
                0x00003ad0       0x58 c:/program files (x86)/gnu tools arm embedded/4.8 2014q1/bin/../lib/gcc/arm-none-eabi/4.8.3/../../../../arm-none-eabi/lib/armv6-m\libg_s.a(lib_a-fflush.o)
                0x00003ad0                _fflush_r
 .text._cleanup_r
                0x00003b28       0x34 c:/program files (x86)/gnu tools arm embedded/4.8 2014q1/bin/../lib/gcc/arm-none-eabi/4.8.3/../../../../arm-none-eabi/lib/armv6-m\libg_s.a(lib_a-findfp.o)
                0x00003b28                _cleanup_r
 .text.std.isra.0
                0x00003b5c       0x48 c:/program files (x86)/gnu tools arm embedded/4.8 2014q1/bin/../lib/gcc/arm-none-eabi/4.8.3/../../../../arm-none-eabi/lib/armv6-m\libg_s.a(lib_a-findfp.o)
 .text.__sfmoreglue
                0x00003ba4       0x2c c:/program files (x86)/gnu tools arm embedded/4.8 2014q1/bin/../lib/gcc/arm-none-eabi/4.8.3/../../../../arm-none-eabi/lib/armv6-m\libg_s.a(lib_a-findfp.o)
                0x00003ba4                __sfmoreglue
 .text.__sinit  0x00003bd0       0x64 c:/program files (x86)/gnu tools arm embedded/4.8 2014q1/bin/../lib/gcc/arm-none-eabi/4.8.3/../../../../arm-none-eabi/lib/armv6-m\libg_s.a(lib_a-findfp.o)
                0x00003bd0                __sinit
 .text.__sfp    0x00003c34       0x7c c:/program files (x86)/gnu tools arm embedded/4.8 2014q1/bin/../lib/gcc/arm-none-eabi/4.8.3/../../../../arm-none-eabi/lib/armv6-m\libg_s.a(lib_a-findfp.o)
                0x00003c34                __sfp
 .text.__smakebuf_r
                0x00003cb0       0xa0 c:/program files (x86)/gnu tools arm embedded/4.8 2014q1/bin/../lib/gcc/arm-none-eabi/4.8.3/../../../../arm-none-eabi/lib/armv6-m\libg_s.a(lib_a-makebuf.o)
                0x00003cb0                __smakebuf_r
 .text.memchr   0x00003d50       0x16 c:/program files (x86)/gnu tools arm embedded/4.8 2014q1/bin/../lib/gcc/arm-none-eabi/4.8.3/../../../../arm-none-eabi/lib/armv6-m\libg_s.a(lib_a-memchr-stub.o)
                0x00003d50                memchr
 *fill*         0x00003d66        0x2 
 .text._free_r  0x00003d68       0x90 c:/program files (x86)/gnu tools arm embedded/4.8 2014q1/bin/../lib/gcc/arm-none-eabi/4.8.3/../../../../arm-none-eabi/lib/armv6-m\libg_s.a(lib_a-nano-freer.o)
                0x00003d68                _free_r
 .text._malloc_r
                0x00003df8       0xa8 c:/program files (x86)/gnu tools arm embedded/4.8 2014q1/bin/../lib/gcc/arm-none-eabi/4.8.3/../../../../arm-none-eabi/lib/armv6-m\libg_s.a(lib_a-nano-mallocr.o)
                0x00003df8                _malloc_r
 .text._sbrk_r  0x00003ea0       0x24 c:/program files (x86)/gnu tools arm embedded/4.8 2014q1/bin/../lib/gcc/arm-none-eabi/4.8.3/../../../../arm-none-eabi/lib/armv6-m\libg_s.a(lib_a-sbrkr.o)
                0x00003ea0                _sbrk_r
 .text.__sread  0x00003ec4       0x28 c:/program files (x86)/gnu tools arm embedded/4.8 2014q1/bin/../lib/gcc/arm-none-eabi/4.8.3/../../../../arm-none-eabi/lib/armv6-m\libg_s.a(lib_a-stdio.o)
                0x00003ec4                __sread
 .text.__swrite
                0x00003eec       0x38 c:/program files (x86)/gnu tools arm embedded/4.8 2014q1/bin/../lib/gcc/arm-none-eabi/4.8.3/../../../../arm-none-eabi/lib/armv6-m\libg_s.a(lib_a-stdio.o)
                0x00003eec                __swrite
 .text.__sseek  0x00003f24       0x2c c:/program files (x86)/gnu tools arm embedded/4.8 2014q1/bin/../lib/gcc/arm-none-eabi/4.8.3/../../../../arm-none-eabi/lib/armv6-m\libg_s.a(lib_a-stdio.o)
                0x00003f24                __sseek
 .text.__sclose
                0x00003f50        0xc c:/program files (x86)/gnu tools arm embedded/4.8 2014q1/bin/../lib/gcc/arm-none-eabi/4.8.3/../../../../arm-none-eabi/lib/armv6-m\libg_s.a(lib_a-stdio.o)
                0x00003f50                __sclose
 .text._write_r
                0x00003f5c       0x28 c:/program files (x86)/gnu tools arm embedded/4.8 2014q1/bin/../lib/gcc/arm-none-eabi/4.8.3/../../../../arm-none-eabi/lib/armv6-m\libg_s.a(lib_a-writer.o)
                0x00003f5c                _write_r
 .text._close_r
                0x00003f84       0x24 c:/program files (x86)/gnu tools arm embedded/4.8 2014q1/bin/../lib/gcc/arm-none-eabi/4.8.3/../../../../arm-none-eabi/lib/armv6-m\libg_s.a(lib_a-closer.o)
                0x00003f84                _close_r
 .text._fstat_r
                0x00003fa8       0x24 c:/program files (x86)/gnu tools arm embedded/4.8 2014q1/bin/../lib/gcc/arm-none-eabi/4.8.3/../../../../arm-none-eabi/lib/armv6-m\libg_s.a(lib_a-fstatr.o)
                0x00003fa8                _fstat_r
 .text._isatty_r
                0x00003fcc       0x24 c:/program files (x86)/gnu tools arm embedded/4.8 2014q1/bin/../lib/gcc/arm-none-eabi/4.8.3/../../../../arm-none-eabi/lib/armv6-m\libg_s.a(lib_a-isattyr.o)
                0x00003fcc                _isatty_r
 .text._lseek_r
                0x00003ff0       0x28 c:/program files (x86)/gnu tools arm embedded/4.8 2014q1/bin/../lib/gcc/arm-none-eabi/4.8.3/../../../../arm-none-eabi/lib/armv6-m\libg_s.a(lib_a-lseekr.o)
                0x00003ff0                _lseek_r
 .text._read_r  0x00004018       0x28 c:/program files (x86)/gnu tools arm embedded/4.8 2014q1/bin/../lib/gcc/arm-none-eabi/4.8.3/../../../../arm-none-eabi/lib/armv6-m\libg_s.a(lib_a-readr.o)
                0x00004018                _read_r
 *(.rodata .rodata.*)
 .rodata        0x00004040       0x18 ./src/main.o
 .rodata.str1.4
                0x00004058      0x11f ./src/main.o
                                0x120 (size before relaxing)
 *fill*         0x00004177        0x1 
 .rodata.ctlnetwork
                0x00004178       0x18 ./Libraries/ioLibrary/Ethernet/wizchip_conf.o
 .rodata.str1.4
                0x00004190      0x114 ./Libraries/ioLibrary/Application/loopback/loopback.o
 .rodata        0x000042a4       0x40 c:/program files (x86)/gnu tools arm embedded/4.8 2014q1/bin/../lib/gcc/arm-none-eabi/4.8.3/armv6-m\libgcc.a(divsf3.o)
 .rodata        0x000042e4       0x40 c:/program files (x86)/gnu tools arm embedded/4.8 2014q1/bin/../lib/gcc/arm-none-eabi/4.8.3/armv6-m\libgcc.a(mulsf3.o)
 .rodata.str1.1
                0x00004324        0x2 c:/program files (x86)/gnu tools arm embedded/4.8 2014q1/bin/../lib/gcc/arm-none-eabi/4.8.3/../../../../arm-none-eabi/lib/armv6-m\libg_s.a(lib_a-impure.o)
 *fill*         0x00004326        0x2 
 .rodata._global_impure_ptr
                0x00004328        0x4 c:/program files (x86)/gnu tools arm embedded/4.8 2014q1/bin/../lib/gcc/arm-none-eabi/4.8.3/../../../../arm-none-eabi/lib/armv6-m\libg_s.a(lib_a-impure.o)
                0x00004328                _global_impure_ptr
 .rodata.str1.1
                0x0000432c       0x11 c:/program files (x86)/gnu tools arm embedded/4.8 2014q1/bin/../lib/gcc/arm-none-eabi/4.8.3/../../../../arm-none-eabi/lib/armv6-m\libg_s.a(lib_a-vfprintf.o)
 .rodata.str1.1
                0x0000433d       0x22 c:/program files (x86)/gnu tools arm embedded/4.8 2014q1/bin/../lib/gcc/arm-none-eabi/4.8.3/../../../../arm-none-eabi/lib/armv6-m\libg_s.a(lib_a-vfprintf_i.o)
 *fill*         0x0000435f        0x1 
 .rodata.__sf_fake_stdin
                0x00004360       0x20 c:/program files (x86)/gnu tools arm embedded/4.8 2014q1/bin/../lib/gcc/arm-none-eabi/4.8.3/../../../../arm-none-eabi/lib/armv6-m\libg_s.a(lib_a-findfp.o)
                0x00004360                __sf_fake_stdin
 .rodata.__sf_fake_stdout
                0x00004380       0x20 c:/program files (x86)/gnu tools arm embedded/4.8 2014q1/bin/../lib/gcc/arm-none-eabi/4.8.3/../../../../arm-none-eabi/lib/armv6-m\libg_s.a(lib_a-findfp.o)
                0x00004380                __sf_fake_stdout
 .rodata.__sf_fake_stderr
                0x000043a0       0x20 c:/program files (x86)/gnu tools arm embedded/4.8 2014q1/bin/../lib/gcc/arm-none-eabi/4.8.3/../../../../arm-none-eabi/lib/armv6-m\libg_s.a(lib_a-findfp.o)
                0x000043a0                __sf_fake_stderr
 *(vtable)
 *(.eh_frame*)
 *(.glue_7)
 .glue_7        0x00000000        0x0 linker stubs
 *(.glue_7t)
 .glue_7t       0x00000000        0x0 linker stubs

.vfp11_veneer   0x000043c0        0x0
 .vfp11_veneer  0x00000000        0x0 linker stubs

.v4_bx          0x000043c0        0x0
 .v4_bx         0x00000000        0x0 linker stubs

.iplt           0x000043c0        0x0
 .iplt          0x00000000        0x0 ./src/main.o

.rel.dyn        0x000043c0        0x0
 .rel.iplt      0x00000000        0x0 ./src/main.o

.ARM.extab
 *(.ARM.extab* .gnu.linkonce.armextab.*)
                0x000043c0                __exidx_start = .

.ARM.exidx
 *(.ARM.exidx* .gnu.linkonce.armexidx.*)
                0x000043c0                __exidx_end = .
                0x000043c0                . = ALIGN (0x4)
                0x000043c0                _etext = .
                0x000043c0                __etext = .
                0x000043c0                _sidata = _etext

.data           0x20000000       0x70 load address 0x000043c0
                0x20000000                . = ALIGN (0x4)
                0x20000000                _sdata = .
                0x20000000                __data_start__ = .
 *(.data_begin .data_begin.*)
 *(.data .data.*)
 .data.argv.4458
                0x20000000        0x8 ./Libraries/startup/_syscalls.o
 .data.sock_any_port
                0x20000008        0x2 ./Libraries/ioLibrary/Ethernet/socket.o
 *fill*         0x2000000a        0x2 
 .data.impure_data
                0x2000000c       0x60 c:/program files (x86)/gnu tools arm embedded/4.8 2014q1/bin/../lib/gcc/arm-none-eabi/4.8.3/../../../../arm-none-eabi/lib/armv6-m\libg_s.a(lib_a-impure.o)
 .data._impure_ptr
                0x2000006c        0x4 c:/program files (x86)/gnu tools arm embedded/4.8 2014q1/bin/../lib/gcc/arm-none-eabi/4.8.3/../../../../arm-none-eabi/lib/armv6-m\libg_s.a(lib_a-impure.o)
                0x2000006c                _impure_ptr
 *(.data_end .data_end.*)
                0x20000070                . = ALIGN (0x4)
                0x20000070                _edata = .
                0x20000070                __data_end__ = .

.igot.plt       0x20000070        0x0 load address 0x00004430
 .igot.plt      0x00000000        0x0 ./src/main.o

.bss            0x20000070      0x854 load address 0x00004430
                0x20000070                . = ALIGN (0x4)
                0x20000070                __bss_start__ = .
                0x20000070                _sbss = .
 *(.bss_begin .bss_begin.*)
 *(.bss .bss.*)
 .bss.TimingDelay
                0x20000070        0x4 ./src/main.o
 .bss.current_heap_end.4286
                0x20000074        0x4 ./Libraries/startup/_sbrk.o
 .bss.name.4457
                0x20000078        0x4 ./Libraries/startup/_syscalls.o
 .bss.sock_io_mode
                0x2000007c        0x2 ./Libraries/ioLibrary/Ethernet/socket.o
 .bss.sock_is_sending
                0x2000007e        0x2 ./Libraries/ioLibrary/Ethernet/socket.o
 .bss.sock_pack_info
                0x20000080        0x8 ./Libraries/ioLibrary/Ethernet/socket.o
 .bss.sock_remained_size
                0x20000088       0x10 ./Libraries/ioLibrary/Ethernet/socket.o
 .bss._DHCP_    0x20000098        0x1 ./Libraries/ioLibrary/Ethernet/wizchip_conf.o
 *fill*         0x20000099        0x3 
 .bss._DNS_     0x2000009c        0x4 ./Libraries/ioLibrary/Ethernet/wizchip_conf.o
 .bss.miim_MDIO
                0x200000a0        0x2 ./Libraries/W7500x_StdPeriph_Driver/src/w7500x_miim.o
 *fill*         0x200000a2        0x2 
 .bss.PHY_ADDR  0x200000a4        0x4 ./Libraries/W7500x_StdPeriph_Driver/src/w7500x_miim.o
 .bss.miim_MDC  0x200000a8        0x2 ./Libraries/W7500x_StdPeriph_Driver/src/w7500x_miim.o
 *fill*         0x200000aa        0x2 
 .bss.miim_PORT
                0x200000ac        0x4 ./Libraries/W7500x_StdPeriph_Driver/src/w7500x_miim.o
 .bss.SystemCoreClock
                0x200000b0        0x4 ./Libraries/CMSIS/Device/WIZnet/W7500/Source/system_w7500x.o
 .bss.SystemSourceClock
                0x200000b4        0x4 ./Libraries/CMSIS/Device/WIZnet/W7500/Source/system_w7500x.o
 .bss.__malloc_sbrk_start
                0x200000b8        0x4 c:/program files (x86)/gnu tools arm embedded/4.8 2014q1/bin/../lib/gcc/arm-none-eabi/4.8.3/../../../../arm-none-eabi/lib/armv6-m\libg_s.a(lib_a-nano-mallocr.o)
                0x200000b8                __malloc_sbrk_start
 .bss.__malloc_free_list
                0x200000bc        0x4 c:/program files (x86)/gnu tools arm embedded/4.8 2014q1/bin/../lib/gcc/arm-none-eabi/4.8.3/../../../../arm-none-eabi/lib/armv6-m\libg_s.a(lib_a-nano-mallocr.o)
                0x200000bc                __malloc_free_list
 *(COMMON)
 COMMON         0x200000c0      0x800 ./src/main.o
                0x200000c0                test_buf
 COMMON         0x200008c0        0x4 ./Libraries/startup/_syscalls.o
                0x200008c0                errno
 *(.bss_end .bss_end.*)
                0x200008c4                . = ALIGN (0x4)
                0x200008c4                __bss_end__ = .
                0x200008c4                _ebss = .

.noinit         0x200008c4        0x0
                0x200008c4                . = ALIGN (0x4)
                0x200008c4                _noinit = .
 *(.noinit .noinit.*)
                0x200008c4                . = ALIGN (0x4)
                0x200008c4                _end_noinit = .
                0x200008c4                PROVIDE (end, _end_noinit)
                0x200008c4                PROVIDE (_end, _end_noinit)
                0x200008c4                PROVIDE (__end, _end_noinit)
                0x200008c4                PROVIDE (__end__, _end_noinit)

._check_stack   0x200008c4      0x100 load address 0x00004c84
                0x200008c4                . = ALIGN (0x4)
                0x200009c4                . = (. + _Minimum_Stack_Size)
 *fill*         0x200008c4      0x100 
                0x200009c4                . = ALIGN (0x4)

.bss_CCMRAM
 *(.bss.CCMRAM .bss.CCMRAM.*)

.b1text
 *(.b1text)
 *(.b1rodata)
 *(.b1rodata.*)

.eb0text
 *(.eb0text)
 *(.eb0rodata)
 *(.eb0rodata.*)

.eb1text
 *(.eb1text)
 *(.eb1rodata)
 *(.eb1rodata.*)

.eb2text
 *(.eb2text)
 *(.eb2rodata)
 *(.eb2rodata.*)

.eb3text
 *(.eb3text)
 *(.eb3rodata)
 *(.eb3rodata.*)

.stab
 *(.stab)

.stabstr
 *(.stabstr)

.stab.excl
 *(.stab.excl)

.stab.exclstr
 *(.stab.exclstr)

.stab.index
 *(.stab.index)

.stab.indexstr
 *(.stab.indexstr)

.comment        0x00000000       0x70
 *(.comment)
 .comment       0x00000000       0x70 ./src/main.o
                                 0x71 (size before relaxing)
 .comment       0x00000000       0x71 ./src/retarget.o
 .comment       0x00000000       0x71 ./src/w7500x_it.o
 .comment       0x00000000       0x71 ./Libraries/startup/_exit.o
 .comment       0x00000000       0x71 ./Libraries/startup/_initialize_hardware.o
 .comment       0x00000000       0x71 ./Libraries/startup/_reset_hardware.o
 .comment       0x00000000       0x71 ./Libraries/startup/_sbrk.o
 .comment       0x00000000       0x71 ./Libraries/startup/_startup.o
 .comment       0x00000000       0x71 ./Libraries/startup/_syscalls.o
 .comment       0x00000000       0x71 ./Libraries/startup/exception_handlers.o
 .comment       0x00000000       0x71 ./Libraries/startup/vectors_W7500x.o
 .comment       0x00000000       0x71 ./Libraries/ioLibrary/Ethernet/socket.o
 .comment       0x00000000       0x71 ./Libraries/ioLibrary/Ethernet/wizchip_conf.o
 .comment       0x00000000       0x71 ./Libraries/ioLibrary/Application/loopback/loopback.o
 .comment       0x00000000       0x71 ./Libraries/W7500x_StdPeriph_Driver/src/w7500x_crg.o
 .comment       0x00000000       0x71 ./Libraries/W7500x_StdPeriph_Driver/src/w7500x_gpio.o
 .comment       0x00000000       0x71 ./Libraries/W7500x_StdPeriph_Driver/src/w7500x_miim.o
 .comment       0x00000000       0x71 ./Libraries/W7500x_StdPeriph_Driver/src/w7500x_uart.o
 .comment       0x00000000       0x71 ./Libraries/W7500x_StdPeriph_Driver/src/w7500x_wztoe.o
 .comment       0x00000000       0x71 ./Libraries/CMSIS/Device/WIZnet/W7500/Source/system_w7500x.o

.ARM.attributes
                0x00000000       0x31
 .ARM.attributes
                0x00000000       0x31 ./src/main.o
 .ARM.attributes
                0x00000031       0x31 ./src/retarget.o
 .ARM.attributes
                0x00000062       0x31 ./src/w7500x_it.o
 .ARM.attributes
                0x00000093       0x31 ./Libraries/startup/_exit.o
 .ARM.attributes
                0x000000c4       0x31 ./Libraries/startup/_initialize_hardware.o
 .ARM.attributes
                0x000000f5       0x31 ./Libraries/startup/_reset_hardware.o
 .ARM.attributes
                0x00000126       0x31 ./Libraries/startup/_sbrk.o
 .ARM.attributes
                0x00000157       0x31 ./Libraries/startup/_startup.o
 .ARM.attributes
                0x00000188       0x31 ./Libraries/startup/_syscalls.o
 .ARM.attributes
                0x000001b9       0x31 ./Libraries/startup/exception_handlers.o
 .ARM.attributes
                0x000001ea       0x31 ./Libraries/startup/vectors_W7500x.o
 .ARM.attributes
                0x0000021b       0x31 ./Libraries/ioLibrary/Ethernet/socket.o
 .ARM.attributes
                0x0000024c       0x31 ./Libraries/ioLibrary/Ethernet/wizchip_conf.o
 .ARM.attributes
                0x0000027d       0x31 ./Libraries/ioLibrary/Application/loopback/loopback.o
 .ARM.attributes
                0x000002ae       0x31 ./Libraries/W7500x_StdPeriph_Driver/src/w7500x_crg.o
 .ARM.attributes
                0x000002df       0x31 ./Libraries/W7500x_StdPeriph_Driver/src/w7500x_gpio.o
 .ARM.attributes
                0x00000310       0x31 ./Libraries/W7500x_StdPeriph_Driver/src/w7500x_miim.o
 .ARM.attributes
                0x00000341       0x31 ./Libraries/W7500x_StdPeriph_Driver/src/w7500x_uart.o
 .ARM.attributes
                0x00000372       0x31 ./Libraries/W7500x_StdPeriph_Driver/src/w7500x_wztoe.o
 .ARM.attributes
                0x000003a3       0x31 ./Libraries/CMSIS/Device/WIZnet/W7500/Source/system_w7500x.o
 .ARM.attributes
                0x000003d4       0x1e c:/program files (x86)/gnu tools arm embedded/4.8 2014q1/bin/../lib/gcc/arm-none-eabi/4.8.3/armv6-m\libgcc.a(_udivsi3.o)
 .ARM.attributes
                0x000003f2       0x1e c:/program files (x86)/gnu tools arm embedded/4.8 2014q1/bin/../lib/gcc/arm-none-eabi/4.8.3/armv6-m\libgcc.a(_dvmd_tls.o)
 .ARM.attributes
                0x00000410       0x2c c:/program files (x86)/gnu tools arm embedded/4.8 2014q1/bin/../lib/gcc/arm-none-eabi/4.8.3/armv6-m\libgcc.a(_fixunssfsi.o)
 .ARM.attributes
                0x0000043c       0x2c c:/program files (x86)/gnu tools arm embedded/4.8 2014q1/bin/../lib/gcc/arm-none-eabi/4.8.3/armv6-m\libgcc.a(_fixunsdfsi.o)
 .ARM.attributes
                0x00000468       0x2c c:/program files (x86)/gnu tools arm embedded/4.8 2014q1/bin/../lib/gcc/arm-none-eabi/4.8.3/armv6-m\libgcc.a(divsf3.o)
 .ARM.attributes
                0x00000494       0x2c c:/program files (x86)/gnu tools arm embedded/4.8 2014q1/bin/../lib/gcc/arm-none-eabi/4.8.3/armv6-m\libgcc.a(mulsf3.o)
 .ARM.attributes
                0x000004c0       0x2c c:/program files (x86)/gnu tools arm embedded/4.8 2014q1/bin/../lib/gcc/arm-none-eabi/4.8.3/armv6-m\libgcc.a(subsf3.o)
 .ARM.attributes
                0x000004ec       0x2c c:/program files (x86)/gnu tools arm embedded/4.8 2014q1/bin/../lib/gcc/arm-none-eabi/4.8.3/armv6-m\libgcc.a(fixsfsi.o)
 .ARM.attributes
                0x00000518       0x2c c:/program files (x86)/gnu tools arm embedded/4.8 2014q1/bin/../lib/gcc/arm-none-eabi/4.8.3/armv6-m\libgcc.a(floatunsisf.o)
 .ARM.attributes
                0x00000544       0x2c c:/program files (x86)/gnu tools arm embedded/4.8 2014q1/bin/../lib/gcc/arm-none-eabi/4.8.3/armv6-m\libgcc.a(adddf3.o)
 .ARM.attributes
                0x00000570       0x2c c:/program files (x86)/gnu tools arm embedded/4.8 2014q1/bin/../lib/gcc/arm-none-eabi/4.8.3/armv6-m\libgcc.a(subdf3.o)
 .ARM.attributes
                0x0000059c       0x2c c:/program files (x86)/gnu tools arm embedded/4.8 2014q1/bin/../lib/gcc/arm-none-eabi/4.8.3/armv6-m\libgcc.a(fixdfsi.o)
 .ARM.attributes
                0x000005c8       0x2c c:/program files (x86)/gnu tools arm embedded/4.8 2014q1/bin/../lib/gcc/arm-none-eabi/4.8.3/armv6-m\libgcc.a(extendsfdf2.o)
 .ARM.attributes
                0x000005f4       0x1e c:/program files (x86)/gnu tools arm embedded/4.8 2014q1/bin/../lib/gcc/arm-none-eabi/4.8.3/armv6-m\libgcc.a(_arm_cmpdf2.o)
 .ARM.attributes
                0x00000612       0x1e c:/program files (x86)/gnu tools arm embedded/4.8 2014q1/bin/../lib/gcc/arm-none-eabi/4.8.3/armv6-m\libgcc.a(_arm_cmpsf2.o)
 .ARM.attributes
                0x00000630       0x1e c:/program files (x86)/gnu tools arm embedded/4.8 2014q1/bin/../lib/gcc/arm-none-eabi/4.8.3/armv6-m\libgcc.a(_clzsi2.o)
 .ARM.attributes
                0x0000064e       0x2c c:/program files (x86)/gnu tools arm embedded/4.8 2014q1/bin/../lib/gcc/arm-none-eabi/4.8.3/armv6-m\libgcc.a(eqsf2.o)
 .ARM.attributes
                0x0000067a       0x2c c:/program files (x86)/gnu tools arm embedded/4.8 2014q1/bin/../lib/gcc/arm-none-eabi/4.8.3/armv6-m\libgcc.a(gesf2.o)
 .ARM.attributes
                0x000006a6       0x2c c:/program files (x86)/gnu tools arm embedded/4.8 2014q1/bin/../lib/gcc/arm-none-eabi/4.8.3/armv6-m\libgcc.a(lesf2.o)
 .ARM.attributes
                0x000006d2       0x2c c:/program files (x86)/gnu tools arm embedded/4.8 2014q1/bin/../lib/gcc/arm-none-eabi/4.8.3/armv6-m\libgcc.a(eqdf2.o)
 .ARM.attributes
                0x000006fe       0x2c c:/program files (x86)/gnu tools arm embedded/4.8 2014q1/bin/../lib/gcc/arm-none-eabi/4.8.3/armv6-m\libgcc.a(gedf2.o)
 .ARM.attributes
                0x0000072a       0x2c c:/program files (x86)/gnu tools arm embedded/4.8 2014q1/bin/../lib/gcc/arm-none-eabi/4.8.3/armv6-m\libgcc.a(ledf2.o)
 .ARM.attributes
                0x00000756       0x2c c:/program files (x86)/gnu tools arm embedded/4.8 2014q1/bin/../lib/gcc/arm-none-eabi/4.8.3/../../../../arm-none-eabi/lib/armv6-m\libg_s.a(lib_a-errno.o)
 .ARM.attributes
                0x00000782       0x2c c:/program files (x86)/gnu tools arm embedded/4.8 2014q1/bin/../lib/gcc/arm-none-eabi/4.8.3/../../../../arm-none-eabi/lib/armv6-m\libg_s.a(lib_a-impure.o)
 .ARM.attributes
                0x000007ae       0x2c c:/program files (x86)/gnu tools arm embedded/4.8 2014q1/bin/../lib/gcc/arm-none-eabi/4.8.3/../../../../arm-none-eabi/lib/armv6-m\libg_s.a(lib_a-memcpy-stub.o)
 .ARM.attributes
                0x000007da       0x2c c:/program files (x86)/gnu tools arm embedded/4.8 2014q1/bin/../lib/gcc/arm-none-eabi/4.8.3/../../../../arm-none-eabi/lib/armv6-m\libg_s.a(lib_a-memset.o)
 .ARM.attributes
                0x00000806       0x2c c:/program files (x86)/gnu tools arm embedded/4.8 2014q1/bin/../lib/gcc/arm-none-eabi/4.8.3/../../../../arm-none-eabi/lib/armv6-m\libg_s.a(lib_a-printf.o)
 .ARM.attributes
                0x00000832       0x2c c:/program files (x86)/gnu tools arm embedded/4.8 2014q1/bin/../lib/gcc/arm-none-eabi/4.8.3/../../../../arm-none-eabi/lib/armv6-m\libg_s.a(lib_a-puts.o)
 .ARM.attributes
                0x0000085e       0x2c c:/program files (x86)/gnu tools arm embedded/4.8 2014q1/bin/../lib/gcc/arm-none-eabi/4.8.3/../../../../arm-none-eabi/lib/armv6-m\libg_s.a(lib_a-strlen.o)
 .ARM.attributes
                0x0000088a       0x2c c:/program files (x86)/gnu tools arm embedded/4.8 2014q1/bin/../lib/gcc/arm-none-eabi/4.8.3/../../../../arm-none-eabi/lib/armv6-m\libg_s.a(lib_a-vfprintf.o)
 .ARM.attributes
                0x000008b6       0x2c c:/program files (x86)/gnu tools arm embedded/4.8 2014q1/bin/../lib/gcc/arm-none-eabi/4.8.3/../../../../arm-none-eabi/lib/armv6-m\libg_s.a(lib_a-vfprintf_i.o)
 .ARM.attributes
                0x000008e2       0x2c c:/program files (x86)/gnu tools arm embedded/4.8 2014q1/bin/../lib/gcc/arm-none-eabi/4.8.3/../../../../arm-none-eabi/lib/armv6-m\libg_s.a(lib_a-wbuf.o)
 .ARM.attributes
                0x0000090e       0x2c c:/program files (x86)/gnu tools arm embedded/4.8 2014q1/bin/../lib/gcc/arm-none-eabi/4.8.3/../../../../arm-none-eabi/lib/armv6-m\libg_s.a(lib_a-wsetup.o)
 .ARM.attributes
                0x0000093a       0x2c c:/program files (x86)/gnu tools arm embedded/4.8 2014q1/bin/../lib/gcc/arm-none-eabi/4.8.3/../../../../arm-none-eabi/lib/armv6-m\libg_s.a(lib_a-fflush.o)
 .ARM.attributes
                0x00000966       0x2c c:/program files (x86)/gnu tools arm embedded/4.8 2014q1/bin/../lib/gcc/arm-none-eabi/4.8.3/../../../../arm-none-eabi/lib/armv6-m\libg_s.a(lib_a-findfp.o)
 .ARM.attributes
                0x00000992       0x2c c:/program files (x86)/gnu tools arm embedded/4.8 2014q1/bin/../lib/gcc/arm-none-eabi/4.8.3/../../../../arm-none-eabi/lib/armv6-m\libg_s.a(lib_a-makebuf.o)
 .ARM.attributes
                0x000009be       0x2c c:/program files (x86)/gnu tools arm embedded/4.8 2014q1/bin/../lib/gcc/arm-none-eabi/4.8.3/../../../../arm-none-eabi/lib/armv6-m\libg_s.a(lib_a-memchr-stub.o)
 .ARM.attributes
                0x000009ea       0x2c c:/program files (x86)/gnu tools arm embedded/4.8 2014q1/bin/../lib/gcc/arm-none-eabi/4.8.3/../../../../arm-none-eabi/lib/armv6-m\libg_s.a(lib_a-nano-freer.o)
 .ARM.attributes
                0x00000a16       0x2c c:/program files (x86)/gnu tools arm embedded/4.8 2014q1/bin/../lib/gcc/arm-none-eabi/4.8.3/../../../../arm-none-eabi/lib/armv6-m\libg_s.a(lib_a-nano-mallocr.o)
 .ARM.attributes
                0x00000a42       0x2c c:/program files (x86)/gnu tools arm embedded/4.8 2014q1/bin/../lib/gcc/arm-none-eabi/4.8.3/../../../../arm-none-eabi/lib/armv6-m\libg_s.a(lib_a-sbrkr.o)
 .ARM.attributes
                0x00000a6e       0x2c c:/program files (x86)/gnu tools arm embedded/4.8 2014q1/bin/../lib/gcc/arm-none-eabi/4.8.3/../../../../arm-none-eabi/lib/armv6-m\libg_s.a(lib_a-stdio.o)
 .ARM.attributes
                0x00000a9a       0x2c c:/program files (x86)/gnu tools arm embedded/4.8 2014q1/bin/../lib/gcc/arm-none-eabi/4.8.3/../../../../arm-none-eabi/lib/armv6-m\libg_s.a(lib_a-writer.o)
 .ARM.attributes
                0x00000ac6       0x2c c:/program files (x86)/gnu tools arm embedded/4.8 2014q1/bin/../lib/gcc/arm-none-eabi/4.8.3/../../../../arm-none-eabi/lib/armv6-m\libg_s.a(lib_a-closer.o)
 .ARM.attributes
                0x00000af2       0x2c c:/program files (x86)/gnu tools arm embedded/4.8 2014q1/bin/../lib/gcc/arm-none-eabi/4.8.3/../../../../arm-none-eabi/lib/armv6-m\libg_s.a(lib_a-fstatr.o)
 .ARM.attributes
                0x00000b1e       0x2c c:/program files (x86)/gnu tools arm embedded/4.8 2014q1/bin/../lib/gcc/arm-none-eabi/4.8.3/../../../../arm-none-eabi/lib/armv6-m\libg_s.a(lib_a-isattyr.o)
 .ARM.attributes
                0x00000b4a       0x2c c:/program files (x86)/gnu tools arm embedded/4.8 2014q1/bin/../lib/gcc/arm-none-eabi/4.8.3/../../../../arm-none-eabi/lib/armv6-m\libg_s.a(lib_a-lseekr.o)
 .ARM.attributes
                0x00000b76       0x2c c:/program files (x86)/gnu tools arm embedded/4.8 2014q1/bin/../lib/gcc/arm-none-eabi/4.8.3/../../../../arm-none-eabi/lib/armv6-m\libg_s.a(lib_a-readr.o)

.debug
 *(.debug)

.line
 *(.line)

.debug_srcinfo
 *(.debug_srcinfo)

.debug_sfnames
 *(.debug_sfnames)

.debug_aranges  0x00000000      0x8d8
 *(.debug_aranges)
 .debug_aranges
                0x00000000       0x40 ./src/main.o
 .debug_aranges
                0x00000040       0x50 ./src/retarget.o
 .debug_aranges
                0x00000090      0x100 ./src/w7500x_it.o
 .debug_aranges
                0x00000190       0x28 ./Libraries/startup/_exit.o
 .debug_aranges
                0x000001b8       0x20 ./Libraries/startup/_initialize_hardware.o
 .debug_aranges
                0x000001d8       0x20 ./Libraries/startup/_reset_hardware.o
 .debug_aranges
                0x000001f8       0x20 ./Libraries/startup/_sbrk.o
 .debug_aranges
                0x00000218       0x40 ./Libraries/startup/_startup.o
 .debug_aranges
                0x00000258       0xd0 ./Libraries/startup/_syscalls.o
 .debug_aranges
                0x00000328       0x48 ./Libraries/startup/exception_handlers.o
 .debug_aranges
                0x00000370       0x20 ./Libraries/startup/vectors_W7500x.o
 .debug_aranges
                0x00000390       0x78 ./Libraries/ioLibrary/Ethernet/socket.o
 .debug_aranges
                0x00000408       0xf8 ./Libraries/ioLibrary/Ethernet/wizchip_conf.o
 .debug_aranges
                0x00000500       0x38 ./Libraries/ioLibrary/Application/loopback/loopback.o
 .debug_aranges
                0x00000538       0xe8 ./Libraries/W7500x_StdPeriph_Driver/src/w7500x_crg.o
 .debug_aranges
                0x00000620       0xc0 ./Libraries/W7500x_StdPeriph_Driver/src/w7500x_gpio.o
 .debug_aranges
                0x000006e0       0x78 ./Libraries/W7500x_StdPeriph_Driver/src/w7500x_miim.o
 .debug_aranges
                0x00000758       0xe8 ./Libraries/W7500x_StdPeriph_Driver/src/w7500x_uart.o
 .debug_aranges
                0x00000840       0x58 ./Libraries/W7500x_StdPeriph_Driver/src/w7500x_wztoe.o
 .debug_aranges
                0x00000898       0x40 ./Libraries/CMSIS/Device/WIZnet/W7500/Source/system_w7500x.o

.debug_pubnames
 *(.debug_pubnames)

.debug_info     0x00000000     0x87ad
 *(.debug_info .gnu.linkonce.wi.*)
 .debug_info    0x00000000      0xd92 ./src/main.o
 .debug_info    0x00000d92      0x47d ./src/retarget.o
 .debug_info    0x0000120f      0x28e ./src/w7500x_it.o
 .debug_info    0x0000149d       0xdb ./Libraries/startup/_exit.o
 .debug_info    0x00001578       0xab ./Libraries/startup/_initialize_hardware.o
 .debug_info    0x00001623      0x199 ./Libraries/startup/_reset_hardware.o
 .debug_info    0x000017bc      0x121 ./Libraries/startup/_sbrk.o
 .debug_info    0x000018dd      0x40a ./Libraries/startup/_startup.o
 .debug_info    0x00001ce7      0x8ef ./Libraries/startup/_syscalls.o
 .debug_info    0x000025d6       0x8c ./Libraries/startup/exception_handlers.o
 .debug_info    0x00002662       0x8d ./Libraries/startup/vectors_W7500x.o
 .debug_info    0x000026ef     0x108d ./Libraries/ioLibrary/Ethernet/socket.o
 .debug_info    0x0000377c     0x1301 ./Libraries/ioLibrary/Ethernet/wizchip_conf.o
 .debug_info    0x00004a7d      0xa40 ./Libraries/ioLibrary/Application/loopback/loopback.o
 .debug_info    0x000054bd      0x8fd ./Libraries/W7500x_StdPeriph_Driver/src/w7500x_crg.o
 .debug_info    0x00005dba      0x9a2 ./Libraries/W7500x_StdPeriph_Driver/src/w7500x_gpio.o
 .debug_info    0x0000675c      0x97a ./Libraries/W7500x_StdPeriph_Driver/src/w7500x_miim.o
 .debug_info    0x000070d6      0xdb7 ./Libraries/W7500x_StdPeriph_Driver/src/w7500x_uart.o
 .debug_info    0x00007e8d      0x3a5 ./Libraries/W7500x_StdPeriph_Driver/src/w7500x_wztoe.o
 .debug_info    0x00008232      0x57b ./Libraries/CMSIS/Device/WIZnet/W7500/Source/system_w7500x.o

.debug_abbrev   0x00000000     0x1d13
 *(.debug_abbrev)
 .debug_abbrev  0x00000000      0x31d ./src/main.o
 .debug_abbrev  0x0000031d      0x167 ./src/retarget.o
 .debug_abbrev  0x00000484       0x93 ./src/w7500x_it.o
 .debug_abbrev  0x00000517       0x87 ./Libraries/startup/_exit.o
 .debug_abbrev  0x0000059e       0x63 ./Libraries/startup/_initialize_hardware.o
 .debug_abbrev  0x00000601       0xd7 ./Libraries/startup/_reset_hardware.o
 .debug_abbrev  0x000006d8       0xb9 ./Libraries/startup/_sbrk.o
 .debug_abbrev  0x00000791      0x1ac ./Libraries/startup/_startup.o
 .debug_abbrev  0x0000093d      0x176 ./Libraries/startup/_syscalls.o
 .debug_abbrev  0x00000ab3       0x2d ./Libraries/startup/exception_handlers.o
 .debug_abbrev  0x00000ae0       0x90 ./Libraries/startup/vectors_W7500x.o
 .debug_abbrev  0x00000b70      0x1c5 ./Libraries/ioLibrary/Ethernet/socket.o
 .debug_abbrev  0x00000d35      0x2ff ./Libraries/ioLibrary/Ethernet/wizchip_conf.o
 .debug_abbrev  0x00001034      0x150 ./Libraries/ioLibrary/Application/loopback/loopback.o
 .debug_abbrev  0x00001184      0x17f ./Libraries/W7500x_StdPeriph_Driver/src/w7500x_crg.o
 .debug_abbrev  0x00001303      0x21d ./Libraries/W7500x_StdPeriph_Driver/src/w7500x_gpio.o
 .debug_abbrev  0x00001520      0x29c ./Libraries/W7500x_StdPeriph_Driver/src/w7500x_miim.o
 .debug_abbrev  0x000017bc      0x2c1 ./Libraries/W7500x_StdPeriph_Driver/src/w7500x_uart.o
 .debug_abbrev  0x00001a7d      0x111 ./Libraries/W7500x_StdPeriph_Driver/src/w7500x_wztoe.o
 .debug_abbrev  0x00001b8e      0x185 ./Libraries/CMSIS/Device/WIZnet/W7500/Source/system_w7500x.o

.debug_line     0x00000000     0x6f83
 *(.debug_line)
 .debug_line    0x00000000      0x698 ./src/main.o
 .debug_line    0x00000698      0x5ba ./src/retarget.o
 .debug_line    0x00000c52      0x6dd ./src/w7500x_it.o
 .debug_line    0x0000132f      0x28c ./Libraries/startup/_exit.o
 .debug_line    0x000015bb      0x55e ./Libraries/startup/_initialize_hardware.o
 .debug_line    0x00001b19      0x567 ./Libraries/startup/_reset_hardware.o
 .debug_line    0x00002080      0x28f ./Libraries/startup/_sbrk.o
 .debug_line    0x0000230f      0x332 ./Libraries/startup/_startup.o
 .debug_line    0x00002641      0x510 ./Libraries/startup/_syscalls.o
 .debug_line    0x00002b51       0xa6 ./Libraries/startup/exception_handlers.o
 .debug_line    0x00002bf7       0x98 ./Libraries/startup/vectors_W7500x.o
 .debug_line    0x00002c8f      0x923 ./Libraries/ioLibrary/Ethernet/socket.o
 .debug_line    0x000035b2      0x885 ./Libraries/ioLibrary/Ethernet/wizchip_conf.o
 .debug_line    0x00003e37      0x6ba ./Libraries/ioLibrary/Application/loopback/loopback.o
 .debug_line    0x000044f1      0x942 ./Libraries/W7500x_StdPeriph_Driver/src/w7500x_crg.o
 .debug_line    0x00004e33      0x79d ./Libraries/W7500x_StdPeriph_Driver/src/w7500x_gpio.o
 .debug_line    0x000055d0      0x6bc ./Libraries/W7500x_StdPeriph_Driver/src/w7500x_miim.o
 .debug_line    0x00005c8c      0x762 ./Libraries/W7500x_StdPeriph_Driver/src/w7500x_uart.o
 .debug_line    0x000063ee      0x5f6 ./Libraries/W7500x_StdPeriph_Driver/src/w7500x_wztoe.o
 .debug_line    0x000069e4      0x59f ./Libraries/CMSIS/Device/WIZnet/W7500/Source/system_w7500x.o

.debug_frame    0x00000000     0x1df4
 *(.debug_frame)
 .debug_frame   0x00000000       0x8c ./src/main.o
 .debug_frame   0x0000008c       0xc4 ./src/retarget.o
 .debug_frame   0x00000150      0x1e8 ./src/w7500x_it.o
 .debug_frame   0x00000338       0x40 ./Libraries/startup/_exit.o
 .debug_frame   0x00000378       0x28 ./Libraries/startup/_initialize_hardware.o
 .debug_frame   0x000003a0       0x20 ./Libraries/startup/_reset_hardware.o
 .debug_frame   0x000003c0       0x28 ./Libraries/startup/_sbrk.o
 .debug_frame   0x000003e8       0x88 ./Libraries/startup/_startup.o
 .debug_frame   0x00000470      0x230 ./Libraries/startup/_syscalls.o
 .debug_frame   0x000006a0       0x70 ./Libraries/startup/exception_handlers.o
 .debug_frame   0x00000710       0x20 ./Libraries/startup/vectors_W7500x.o
 .debug_frame   0x00000730      0x1b4 ./Libraries/ioLibrary/Ethernet/socket.o
 .debug_frame   0x000008e4      0x270 ./Libraries/ioLibrary/Ethernet/wizchip_conf.o
 .debug_frame   0x00000b54       0xb0 ./Libraries/ioLibrary/Application/loopback/loopback.o
 .debug_frame   0x00000c04      0x1b8 ./Libraries/W7500x_StdPeriph_Driver/src/w7500x_crg.o
 .debug_frame   0x00000dbc      0x1a8 ./Libraries/W7500x_StdPeriph_Driver/src/w7500x_gpio.o
 .debug_frame   0x00000f64      0x164 ./Libraries/W7500x_StdPeriph_Driver/src/w7500x_miim.o
 .debug_frame   0x000010c8      0x1dc ./Libraries/W7500x_StdPeriph_Driver/src/w7500x_uart.o
 .debug_frame   0x000012a4       0xd4 ./Libraries/W7500x_StdPeriph_Driver/src/w7500x_wztoe.o
 .debug_frame   0x00001378       0x70 ./Libraries/CMSIS/Device/WIZnet/W7500/Source/system_w7500x.o
 .debug_frame   0x000013e8       0x20 c:/program files (x86)/gnu tools arm embedded/4.8 2014q1/bin/../lib/gcc/arm-none-eabi/4.8.3/armv6-m\libgcc.a(_udivsi3.o)
 .debug_frame   0x00001408       0x28 c:/program files (x86)/gnu tools arm embedded/4.8 2014q1/bin/../lib/gcc/arm-none-eabi/4.8.3/armv6-m\libgcc.a(_fixunssfsi.o)
 .debug_frame   0x00001430       0x2c c:/program files (x86)/gnu tools arm embedded/4.8 2014q1/bin/../lib/gcc/arm-none-eabi/4.8.3/armv6-m\libgcc.a(_fixunsdfsi.o)
 .debug_frame   0x0000145c       0x3c c:/program files (x86)/gnu tools arm embedded/4.8 2014q1/bin/../lib/gcc/arm-none-eabi/4.8.3/armv6-m\libgcc.a(divsf3.o)
 .debug_frame   0x00001498       0x3c c:/program files (x86)/gnu tools arm embedded/4.8 2014q1/bin/../lib/gcc/arm-none-eabi/4.8.3/armv6-m\libgcc.a(mulsf3.o)
 .debug_frame   0x000014d4       0x30 c:/program files (x86)/gnu tools arm embedded/4.8 2014q1/bin/../lib/gcc/arm-none-eabi/4.8.3/armv6-m\libgcc.a(subsf3.o)
 .debug_frame   0x00001504       0x20 c:/program files (x86)/gnu tools arm embedded/4.8 2014q1/bin/../lib/gcc/arm-none-eabi/4.8.3/armv6-m\libgcc.a(fixsfsi.o)
 .debug_frame   0x00001524       0x28 c:/program files (x86)/gnu tools arm embedded/4.8 2014q1/bin/../lib/gcc/arm-none-eabi/4.8.3/armv6-m\libgcc.a(floatunsisf.o)
 .debug_frame   0x0000154c       0x3c c:/program files (x86)/gnu tools arm embedded/4.8 2014q1/bin/../lib/gcc/arm-none-eabi/4.8.3/armv6-m\libgcc.a(adddf3.o)
 .debug_frame   0x00001588       0x3c c:/program files (x86)/gnu tools arm embedded/4.8 2014q1/bin/../lib/gcc/arm-none-eabi/4.8.3/armv6-m\libgcc.a(subdf3.o)
 .debug_frame   0x000015c4       0x2c c:/program files (x86)/gnu tools arm embedded/4.8 2014q1/bin/../lib/gcc/arm-none-eabi/4.8.3/armv6-m\libgcc.a(fixdfsi.o)
 .debug_frame   0x000015f0       0x2c c:/program files (x86)/gnu tools arm embedded/4.8 2014q1/bin/../lib/gcc/arm-none-eabi/4.8.3/armv6-m\libgcc.a(extendsfdf2.o)
 .debug_frame   0x0000161c       0x2c c:/program files (x86)/gnu tools arm embedded/4.8 2014q1/bin/../lib/gcc/arm-none-eabi/4.8.3/armv6-m\libgcc.a(eqsf2.o)
 .debug_frame   0x00001648       0x30 c:/program files (x86)/gnu tools arm embedded/4.8 2014q1/bin/../lib/gcc/arm-none-eabi/4.8.3/armv6-m\libgcc.a(gesf2.o)
 .debug_frame   0x00001678       0x30 c:/program files (x86)/gnu tools arm embedded/4.8 2014q1/bin/../lib/gcc/arm-none-eabi/4.8.3/armv6-m\libgcc.a(lesf2.o)
 .debug_frame   0x000016a8       0x3c c:/program files (x86)/gnu tools arm embedded/4.8 2014q1/bin/../lib/gcc/arm-none-eabi/4.8.3/armv6-m\libgcc.a(eqdf2.o)
 .debug_frame   0x000016e4       0x38 c:/program files (x86)/gnu tools arm embedded/4.8 2014q1/bin/../lib/gcc/arm-none-eabi/4.8.3/armv6-m\libgcc.a(gedf2.o)
 .debug_frame   0x0000171c       0x3c c:/program files (x86)/gnu tools arm embedded/4.8 2014q1/bin/../lib/gcc/arm-none-eabi/4.8.3/armv6-m\libgcc.a(ledf2.o)
 .debug_frame   0x00001758       0x20 c:/program files (x86)/gnu tools arm embedded/4.8 2014q1/bin/../lib/gcc/arm-none-eabi/4.8.3/../../../../arm-none-eabi/lib/armv6-m\libg_s.a(lib_a-errno.o)
 .debug_frame   0x00001778       0x28 c:/program files (x86)/gnu tools arm embedded/4.8 2014q1/bin/../lib/gcc/arm-none-eabi/4.8.3/../../../../arm-none-eabi/lib/armv6-m\libg_s.a(lib_a-memcpy-stub.o)
 .debug_frame   0x000017a0       0x20 c:/program files (x86)/gnu tools arm embedded/4.8 2014q1/bin/../lib/gcc/arm-none-eabi/4.8.3/../../../../arm-none-eabi/lib/armv6-m\libg_s.a(lib_a-memset.o)
 .debug_frame   0x000017c0       0x50 c:/program files (x86)/gnu tools arm embedded/4.8 2014q1/bin/../lib/gcc/arm-none-eabi/4.8.3/../../../../arm-none-eabi/lib/armv6-m\libg_s.a(lib_a-printf.o)
 .debug_frame   0x00001810       0x44 c:/program files (x86)/gnu tools arm embedded/4.8 2014q1/bin/../lib/gcc/arm-none-eabi/4.8.3/../../../../arm-none-eabi/lib/armv6-m\libg_s.a(lib_a-puts.o)
 .debug_frame   0x00001854       0x20 c:/program files (x86)/gnu tools arm embedded/4.8 2014q1/bin/../lib/gcc/arm-none-eabi/4.8.3/../../../../arm-none-eabi/lib/armv6-m\libg_s.a(lib_a-strlen.o)
 .debug_frame   0x00001874       0xa0 c:/program files (x86)/gnu tools arm embedded/4.8 2014q1/bin/../lib/gcc/arm-none-eabi/4.8.3/../../../../arm-none-eabi/lib/armv6-m\libg_s.a(lib_a-vfprintf.o)
 .debug_frame   0x00001914       0x54 c:/program files (x86)/gnu tools arm embedded/4.8 2014q1/bin/../lib/gcc/arm-none-eabi/4.8.3/../../../../arm-none-eabi/lib/armv6-m\libg_s.a(lib_a-vfprintf_i.o)
 .debug_frame   0x00001968       0x44 c:/program files (x86)/gnu tools arm embedded/4.8 2014q1/bin/../lib/gcc/arm-none-eabi/4.8.3/../../../../arm-none-eabi/lib/armv6-m\libg_s.a(lib_a-wbuf.o)
 .debug_frame   0x000019ac       0x2c c:/program files (x86)/gnu tools arm embedded/4.8 2014q1/bin/../lib/gcc/arm-none-eabi/4.8.3/../../../../arm-none-eabi/lib/armv6-m\libg_s.a(lib_a-wsetup.o)
 .debug_frame   0x000019d8       0x68 c:/program files (x86)/gnu tools arm embedded/4.8 2014q1/bin/../lib/gcc/arm-none-eabi/4.8.3/../../../../arm-none-eabi/lib/armv6-m\libg_s.a(lib_a-fflush.o)
 .debug_frame   0x00001a40      0x148 c:/program files (x86)/gnu tools arm embedded/4.8 2014q1/bin/../lib/gcc/arm-none-eabi/4.8.3/../../../../arm-none-eabi/lib/armv6-m\libg_s.a(lib_a-findfp.o)
 .debug_frame   0x00001b88       0x30 c:/program files (x86)/gnu tools arm embedded/4.8 2014q1/bin/../lib/gcc/arm-none-eabi/4.8.3/../../../../arm-none-eabi/lib/armv6-m\libg_s.a(lib_a-makebuf.o)
 .debug_frame   0x00001bb8       0x20 c:/program files (x86)/gnu tools arm embedded/4.8 2014q1/bin/../lib/gcc/arm-none-eabi/4.8.3/../../../../arm-none-eabi/lib/armv6-m\libg_s.a(lib_a-memchr-stub.o)
 .debug_frame   0x00001bd8       0x2c c:/program files (x86)/gnu tools arm embedded/4.8 2014q1/bin/../lib/gcc/arm-none-eabi/4.8.3/../../../../arm-none-eabi/lib/armv6-m\libg_s.a(lib_a-nano-freer.o)
 .debug_frame   0x00001c04       0x2c c:/program files (x86)/gnu tools arm embedded/4.8 2014q1/bin/../lib/gcc/arm-none-eabi/4.8.3/../../../../arm-none-eabi/lib/armv6-m\libg_s.a(lib_a-nano-mallocr.o)
 .debug_frame   0x00001c30       0x2c c:/program files (x86)/gnu tools arm embedded/4.8 2014q1/bin/../lib/gcc/arm-none-eabi/4.8.3/../../../../arm-none-eabi/lib/armv6-m\libg_s.a(lib_a-sbrkr.o)
 .debug_frame   0x00001c5c       0x90 c:/program files (x86)/gnu tools arm embedded/4.8 2014q1/bin/../lib/gcc/arm-none-eabi/4.8.3/../../../../arm-none-eabi/lib/armv6-m\libg_s.a(lib_a-stdio.o)
 .debug_frame   0x00001cec       0x2c c:/program files (x86)/gnu tools arm embedded/4.8 2014q1/bin/../lib/gcc/arm-none-eabi/4.8.3/../../../../arm-none-eabi/lib/armv6-m\libg_s.a(lib_a-writer.o)
 .debug_frame   0x00001d18       0x2c c:/program files (x86)/gnu tools arm embedded/4.8 2014q1/bin/../lib/gcc/arm-none-eabi/4.8.3/../../../../arm-none-eabi/lib/armv6-m\libg_s.a(lib_a-closer.o)
 .debug_frame   0x00001d44       0x2c c:/program files (x86)/gnu tools arm embedded/4.8 2014q1/bin/../lib/gcc/arm-none-eabi/4.8.3/../../../../arm-none-eabi/lib/armv6-m\libg_s.a(lib_a-fstatr.o)
 .debug_frame   0x00001d70       0x2c c:/program files (x86)/gnu tools arm embedded/4.8 2014q1/bin/../lib/gcc/arm-none-eabi/4.8.3/../../../../arm-none-eabi/lib/armv6-m\libg_s.a(lib_a-isattyr.o)
 .debug_frame   0x00001d9c       0x2c c:/program files (x86)/gnu tools arm embedded/4.8 2014q1/bin/../lib/gcc/arm-none-eabi/4.8.3/../../../../arm-none-eabi/lib/armv6-m\libg_s.a(lib_a-lseekr.o)
 .debug_frame   0x00001dc8       0x2c c:/program files (x86)/gnu tools arm embedded/4.8 2014q1/bin/../lib/gcc/arm-none-eabi/4.8.3/../../../../arm-none-eabi/lib/armv6-m\libg_s.a(lib_a-readr.o)

.debug_str      0x00000000    0x1754f
 *(.debug_str)
 .debug_str     0x00000000    0x1400e ./src/main.o
                              0x1424f (size before relaxing)
 .debug_str     0x0001400e      0x5ec ./src/retarget.o
                              0x13c6f (size before relaxing)
 .debug_str     0x000145fa      0x1df ./src/w7500x_it.o
                              0x13788 (size before relaxing)
 .debug_str     0x000147d9      0x146 ./Libraries/startup/_exit.o
                               0x3bbd (size before relaxing)
 .debug_str     0x0001491f       0x78 ./Libraries/startup/_initialize_hardware.o
                              0x13616 (size before relaxing)
 .debug_str     0x00014997       0x69 ./Libraries/startup/_reset_hardware.o
                              0x13660 (size before relaxing)
 .debug_str     0x00014a00      0x509 ./Libraries/startup/_sbrk.o
                               0x4310 (size before relaxing)
 .debug_str     0x00014f09      0x188 ./Libraries/startup/_startup.o
                               0x3c9d (size before relaxing)
 .debug_str     0x00015091      0x965 ./Libraries/startup/_syscalls.o
                               0x51cf (size before relaxing)
 .debug_str     0x000159f6       0x82 ./Libraries/startup/exception_handlers.o
                               0x234d (size before relaxing)
 .debug_str     0x00015a78       0x80 ./Libraries/startup/vectors_W7500x.o
                               0x2337 (size before relaxing)
 .debug_str     0x00015af8      0x464 ./Libraries/ioLibrary/Ethernet/socket.o
                              0x14077 (size before relaxing)
 .debug_str     0x00015f5c      0x4f2 ./Libraries/ioLibrary/Ethernet/wizchip_conf.o
                              0x13e7b (size before relaxing)
 .debug_str     0x0001644e       0xa6 ./Libraries/ioLibrary/Application/loopback/loopback.o
                              0x13d8d (size before relaxing)
 .debug_str     0x000164f4      0x669 ./Libraries/W7500x_StdPeriph_Driver/src/w7500x_crg.o
                              0x13c79 (size before relaxing)
 .debug_str     0x00016b5d      0x3bf ./Libraries/W7500x_StdPeriph_Driver/src/w7500x_gpio.o
                              0x13a84 (size before relaxing)
 .debug_str     0x00016f1c      0x2bd ./Libraries/W7500x_StdPeriph_Driver/src/w7500x_miim.o
                              0x13a99 (size before relaxing)
 .debug_str     0x000171d9      0x207 ./Libraries/W7500x_StdPeriph_Driver/src/w7500x_uart.o
                              0x13de0 (size before relaxing)
 .debug_str     0x000173e0       0xb2 ./Libraries/W7500x_StdPeriph_Driver/src/w7500x_wztoe.o
                              0x136e5 (size before relaxing)
 .debug_str     0x00017492       0xbd ./Libraries/CMSIS/Device/WIZnet/W7500/Source/system_w7500x.o
                              0x139cc (size before relaxing)

.debug_loc      0x00000000     0x3e16
 *(.debug_loc)
 .debug_loc     0x00000000       0x59 ./src/main.o
 .debug_loc     0x00000059      0x1ca ./src/retarget.o
 .debug_loc     0x00000223       0x21 ./Libraries/startup/_exit.o
 .debug_loc     0x00000244       0x70 ./Libraries/startup/_sbrk.o
 .debug_loc     0x000002b4      0x265 ./Libraries/startup/_startup.o
 .debug_loc     0x00000519      0x549 ./Libraries/startup/_syscalls.o
 .debug_loc     0x00000a62     0x12c1 ./Libraries/ioLibrary/Ethernet/socket.o
 .debug_loc     0x00001d23      0x650 ./Libraries/ioLibrary/Ethernet/wizchip_conf.o
 .debug_loc     0x00002373      0x50a ./Libraries/ioLibrary/Application/loopback/loopback.o
 .debug_loc     0x0000287d      0x2ec ./Libraries/W7500x_StdPeriph_Driver/src/w7500x_crg.o
 .debug_loc     0x00002b69      0x750 ./Libraries/W7500x_StdPeriph_Driver/src/w7500x_gpio.o
 .debug_loc     0x000032b9      0x3ad ./Libraries/W7500x_StdPeriph_Driver/src/w7500x_miim.o
 .debug_loc     0x00003666      0x45b ./Libraries/W7500x_StdPeriph_Driver/src/w7500x_uart.o
 .debug_loc     0x00003ac1      0x355 ./Libraries/W7500x_StdPeriph_Driver/src/w7500x_wztoe.o

.debug_macinfo
 *(.debug_macinfo)

.debug_weaknames
 *(.debug_weaknames)

.debug_funcnames
 *(.debug_funcnames)

.debug_typenames
 *(.debug_typenames)

.debug_varnames
 *(.debug_varnames)
OUTPUT(W7500x.elf elf32-littlearm)

.debug_ranges   0x00000000      0x7b0
 .debug_ranges  0x00000000       0x30 ./src/main.o
 .debug_ranges  0x00000030       0x40 ./src/retarget.o
 .debug_ranges  0x00000070       0xf0 ./src/w7500x_it.o
 .debug_ranges  0x00000160       0x18 ./Libraries/startup/_exit.o
 .debug_ranges  0x00000178       0x10 ./Libraries/startup/_initialize_hardware.o
 .debug_ranges  0x00000188       0x10 ./Libraries/startup/_reset_hardware.o
 .debug_ranges  0x00000198       0x10 ./Libraries/startup/_sbrk.o
 .debug_ranges  0x000001a8       0x30 ./Libraries/startup/_startup.o
 .debug_ranges  0x000001d8       0xc0 ./Libraries/startup/_syscalls.o
 .debug_ranges  0x00000298       0x38 ./Libraries/startup/exception_handlers.o
 .debug_ranges  0x000002d0       0x10 ./Libraries/startup/vectors_W7500x.o
 .debug_ranges  0x000002e0       0x80 ./Libraries/ioLibrary/Ethernet/socket.o
 .debug_ranges  0x00000360       0xe8 ./Libraries/ioLibrary/Ethernet/wizchip_conf.o
 .debug_ranges  0x00000448       0x28 ./Libraries/ioLibrary/Application/loopback/loopback.o
 .debug_ranges  0x00000470       0xd8 ./Libraries/W7500x_StdPeriph_Driver/src/w7500x_crg.o
 .debug_ranges  0x00000548       0xb0 ./Libraries/W7500x_StdPeriph_Driver/src/w7500x_gpio.o
 .debug_ranges  0x000005f8       0x68 ./Libraries/W7500x_StdPeriph_Driver/src/w7500x_miim.o
 .debug_ranges  0x00000660       0xd8 ./Libraries/W7500x_StdPeriph_Driver/src/w7500x_uart.o
 .debug_ranges  0x00000738       0x48 ./Libraries/W7500x_StdPeriph_Driver/src/w7500x_wztoe.o
 .debug_ranges  0x00000780       0x30 ./Libraries/CMSIS/Device/WIZnet/W7500/Source/system_w7500x.o

.debug_macro    0x00000000     0x8705
 .debug_macro   0x00000000      0x239 ./src/main.o
 .debug_macro   0x00000239      0x808 ./src/main.o
 .debug_macro   0x00000a41       0x58 ./src/main.o
 .debug_macro   0x00000a99       0x16 ./src/main.o
 .debug_macro   0x00000aaf       0x35 ./src/main.o
 .debug_macro   0x00000ae4       0xa3 ./src/main.o
 .debug_macro   0x00000b87       0x16 ./src/main.o
 .debug_macro   0x00000b9d       0x97 ./src/main.o
 .debug_macro   0x00000c34       0x10 ./src/main.o
 .debug_macro   0x00000c44       0xf6 ./src/main.o
 .debug_macro   0x00000d3a       0x4a ./src/main.o
 .debug_macro   0x00000d84       0x52 ./src/main.o
 .debug_macro   0x00000dd6       0x16 ./src/main.o
 .debug_macro   0x00000dec       0x43 ./src/main.o
 .debug_macro   0x00000e2f      0x180 ./src/main.o
 .debug_macro   0x00000faf       0x10 ./src/main.o
 .debug_macro   0x00000fbf       0x22 ./src/main.o
 .debug_macro   0x00000fe1       0xbd ./src/main.o
 .debug_macro   0x0000109e       0x16 ./src/main.o
 .debug_macro   0x000010b4      0x16c ./src/main.o
 .debug_macro   0x00001220       0x56 ./src/main.o
 .debug_macro   0x00001276       0x3a ./src/main.o
 .debug_macro   0x000012b0      0x20f ./src/main.o
 .debug_macro   0x000014bf       0x1f ./src/main.o
 .debug_macro   0x000014de      0x242 ./src/main.o
 .debug_macro   0x00001720     0x1486 ./src/main.o
 .debug_macro   0x00002ba6       0x40 ./src/main.o
 .debug_macro   0x00002be6      0x145 ./src/main.o
 .debug_macro   0x00002d2b       0x29 ./src/main.o
 .debug_macro   0x00002d54      0x17b ./src/main.o
 .debug_macro   0x00002ecf       0x34 ./src/main.o
 .debug_macro   0x00002f03       0x16 ./src/main.o
 .debug_macro   0x00002f19       0x10 ./src/main.o
 .debug_macro   0x00002f29       0xd6 ./src/main.o
 .debug_macro   0x00002fff       0x2e ./src/main.o
 .debug_macro   0x0000302d       0x9d ./src/main.o
 .debug_macro   0x000030ca      0x1c5 ./src/main.o
 .debug_macro   0x0000328f      0x23f ./src/main.o
 .debug_macro   0x000034ce       0x10 ./src/main.o
 .debug_macro   0x000034de      0x5f3 ./src/main.o
 .debug_macro   0x00003ad1       0x10 ./src/main.o
 .debug_macro   0x00003ae1       0x48 ./src/main.o
 .debug_macro   0x00003b29       0x66 ./src/main.o
 .debug_macro   0x00003b8f       0xd5 ./src/main.o
 .debug_macro   0x00003c64       0x1c ./src/main.o
 .debug_macro   0x00003c80      0x239 ./src/retarget.o
 .debug_macro   0x00003eb9      0x239 ./src/retarget.o
 .debug_macro   0x000040f2       0x16 ./src/retarget.o
 .debug_macro   0x00004108       0x16 ./src/retarget.o
 .debug_macro   0x0000411e       0x35 ./src/retarget.o
 .debug_macro   0x00004153       0x10 ./src/retarget.o
 .debug_macro   0x00004163       0x41 ./src/retarget.o
 .debug_macro   0x000041a4      0x120 ./src/retarget.o
 .debug_macro   0x000042c4      0x1f5 ./src/w7500x_it.o
 .debug_macro   0x000044b9       0xcf ./Libraries/startup/_exit.o
 .debug_macro   0x00004588       0x16 ./Libraries/startup/_exit.o
 .debug_macro   0x0000459e      0x10e ./Libraries/startup/_exit.o
 .debug_macro   0x000046ac       0x86 ./Libraries/startup/_exit.o
 .debug_macro   0x00004732       0x16 ./Libraries/startup/_exit.o
 .debug_macro   0x00004748       0x29 ./Libraries/startup/_exit.o
 .debug_macro   0x00004771      0x207 ./Libraries/startup/_initialize_hardware.o
 .debug_macro   0x00004978       0x56 ./Libraries/startup/_initialize_hardware.o
 .debug_macro   0x000049ce       0x44 ./Libraries/startup/_initialize_hardware.o
 .debug_macro   0x00004a12      0x209 ./Libraries/startup/_initialize_hardware.o
 .debug_macro   0x00004c1b     0x1486 ./Libraries/startup/_initialize_hardware.o
 .debug_macro   0x000060a1      0x5ed ./Libraries/startup/_initialize_hardware.o
 .debug_macro   0x0000668e      0x207 ./Libraries/startup/_reset_hardware.o
 .debug_macro   0x00006895       0xd1 ./Libraries/startup/_sbrk.o
 .debug_macro   0x00006966       0x19 ./Libraries/startup/_sbrk.o
 .debug_macro   0x0000697f      0x16d ./Libraries/startup/_sbrk.o
 .debug_macro   0x00006aec       0x10 ./Libraries/startup/_sbrk.o
 .debug_macro   0x00006afc      0x23b ./Libraries/startup/_sbrk.o
 .debug_macro   0x00006d37       0xcb ./Libraries/startup/_startup.o
 .debug_macro   0x00006e02      0x169 ./Libraries/startup/_syscalls.o
 .debug_macro   0x00006f6b       0x1c ./Libraries/startup/_syscalls.o
 .debug_macro   0x00006f87       0x10 ./Libraries/startup/_syscalls.o
 .debug_macro   0x00006f97       0x10 ./Libraries/startup/_syscalls.o
 .debug_macro   0x00006fa7       0x35 ./Libraries/startup/_syscalls.o
 .debug_macro   0x00006fdc       0x22 ./Libraries/startup/_syscalls.o
 .debug_macro   0x00006ffe       0x2b ./Libraries/startup/_syscalls.o
 .debug_macro   0x00007029      0x118 ./Libraries/startup/_syscalls.o
 .debug_macro   0x00007141      0x13a ./Libraries/startup/_syscalls.o
 .debug_macro   0x0000727b       0x16 ./Libraries/startup/_syscalls.o
 .debug_macro   0x00007291       0x1b ./Libraries/startup/exception_handlers.o
 .debug_macro   0x000072ac       0x1b ./Libraries/startup/vectors_W7500x.o
 .debug_macro   0x000072c7      0x243 ./Libraries/ioLibrary/Ethernet/socket.o
 .debug_macro   0x0000750a      0x21a ./Libraries/ioLibrary/Ethernet/wizchip_conf.o
 .debug_macro   0x00007724      0x220 ./Libraries/ioLibrary/Application/loopback/loopback.o
 .debug_macro   0x00007944      0x207 ./Libraries/W7500x_StdPeriph_Driver/src/w7500x_crg.o
 .debug_macro   0x00007b4b      0x207 ./Libraries/W7500x_StdPeriph_Driver/src/w7500x_gpio.o
 .debug_macro   0x00007d52      0x175 ./Libraries/W7500x_StdPeriph_Driver/src/w7500x_gpio.o
 .debug_macro   0x00007ec7      0x235 ./Libraries/W7500x_StdPeriph_Driver/src/w7500x_miim.o
 .debug_macro   0x000080fc      0x20b ./Libraries/W7500x_StdPeriph_Driver/src/w7500x_uart.o
 .debug_macro   0x00008307      0x201 ./Libraries/W7500x_StdPeriph_Driver/src/w7500x_wztoe.o
 .debug_macro   0x00008508      0x1fd ./Libraries/CMSIS/Device/WIZnet/W7500/Source/system_w7500x.o
